Script started on 2023-03-07 02:37:21-05:00
bash-4.4$ mkdir cs[K[Kws5
bash-4.4$ mkdir CUSTOMERS
bash-4.4$ mv CUSTOMERS/ ws5
bash-4.4$ ls
a1				   index.html  ws1  ws3  ws5
amazon_reviews_us_Books_v1_02.tsv  users.txt   ws2  ws4  ws5.txt
bash-4.4$ ls ws5
CUSTOMERS
bash-4.4$ cut ls ws5[Kmv CUSTOMERS/ ws5[C[C[C[C[C[C[C[C[C[C[C[2Pkdir CUSTOMERS[6Pws5git push origin main[C[C[C[C[C[C[C[C[C[C[C[C[C[Ccommit -m "updated ws5"[C[C[C[C[C[C[C[C[C[C[C[C[C[Cadd ws5[K[5@mv script.sh[C[C[C[C[C[C[C[C[C[C[C[C[C[Cls[Kcdls CUSTOMERS/[Kcd ws5./script.shls[Knano script.sh [C[C[C[C[C[C[C[C[C[Ccd[Klsmkdir CUSTOMERS[C[C[C[C[C[C[C[C[C[Cls[Kcd ws5./script.shnano script.sh [C[C[C[C[C[C[C[C[C[Ccd[Kmv script.sh ~/[C[C[C[C[C[C[C[C[C[C[9Pcd ws5./script.shcd[K./script.shls[Krm -r CUSTOMERS/[C[C[C[C[C[C[C[C[C[C[1Pnano script.sh [C[C[C[C[C[C[C[C[C[Cls[Kcd ws5[4Plsgit push origin main[C[C[C[C[C[C[C[C[C[C[C[C[C[Ccommit -m "added ws5"[C[C[C[C[C[C[C[C[C[C[C[C[C[C[14Padd ws5[1Pstatusadd ws5script -a ws5.txt[C[C[C[C[C[C[C[C[C[C[6Pcat[C[C[C[C[C[C[C[Cls[Kgit add ws5[5Pls[C[C[C[C[Kmv ws5.txt ws5[C[C[C[C[C[C[C[C[C[Cls[Kcdlsnano cmds.log script.sh[C[C[C[C[C[C[C[C[C[Cls[Kcd ws5[10@mv script.sh[C[C[C[C[1Pcmds.log[C[C[C[C[C[C[C[C[C[C[C[C[C[Cls[Knano cmds.log[C[C[C[C[C[C[C[C[C[Cls[Khistory > cmds.log[C[C[C[C[C[C[C[C[C[C[3Pnano script.sh [C[C[C[C[C[C[C[C[C[Ccd[Klsnano script.sh [C[C[C[C[C[C[C[C[C[C[4Pcat 383.txtls -l | wc -l[Kcd ws5/CUSTOMERS/[C[C[C[C[C[C[C[C[C[C[6P./script.shnano script.sh [C[C[C[C[C[C[C[C[C[Ccd[Klsmkdir CUSTOMERS[C[C[C[C[C[C[C[C[C[Cls[Krm -r CUSTOMERS/[C[C[C[C[C[C[C[C[C[C[C[C[3@dir[C[C[C[C[C[C[C[C[C[C[C[C[C[C[3PCUSTOMERS/[C[C[C[C[C[C[C[C[C[C[C[C[3P CUSTOMERS/[C[C[C[C[C[C[C[C[C[Cls[Kcd ws5nano script.sh [C[C[C[C[C[C[C[C[C[Ccd[Klscat 21922.txt [C[C[C[C[C[C[C[C[C[Cls[Kcd ws5/CUSTOMERS/[C[C[C[C[C[C[C[C[C[Cls[K./script.shnano script.sh [C[C[C[C[C[C[C[C[C[C[4P./script.shnano script.sh [C[C[C[C[C[C[C[C[C[C[4P./script.shnano script.sh [C[C[C[C[C[C[C[C[C[Ccd[Klscd ws5/CUSTOMERS/[C[C[C[C[C[C[C[C[C[C[C[C[Kls CUSTOMERS/[Kcd ws5[4Pls./script.shls[Kcdmv script.sh ~/[C[C[C[C[C[C[C[C[C[Cls[Kcd ws5[4Plscd./script.shnano script.sh [C[C[C[C[C[C[C[C[C[C[4P./script.shnano script.sh [C[C[C[C[C[C[C[C[C[C[4P./script.shchmod +x script.sh [C[C[C[C[C[C[C[C[C[C[8P./script.shnano script.sh [C[C[C[C[C[C[C[C[C[Cls[Ktouch script.sh[C[C[C[C[C[C[C[C[C[Cls[Kcd ws5[Klsrm ws5[2@nano[C[C[C[C[1Pcat[C[C[C[C[1Pd[C[C[C[Cls[C[C[C[C[Kcd CUSTOMERS/[C[C[C[C[C[C[C[C[C[Cls[K ws5mv script.sh CUSTOMERS/[C[C[C[C[C[C[C[C[C[C[10Pls[C[C[C[C[C[C[C[C[C[C[C[Kcd ws5[Kmv script.sh ws5[C[C[C[C[C[C[C[C[C[C[2Pnano script.sh[C[C[C[C[C[C[C[C[C[Cls[Knano script.sh[C[C[C[C[C[C[C[C[C[Ctouch script.sh [C[C[C[C[C[C[C[C[C[C[3Pcd CUSTOMERS/[C[C[C[C[C[C[C[C[C[Cls[Kmkdir CUSTOMERS[C[C[C[C[C[C[C[C[C[Cls[Kcd ws5[3@mkdir[C[C[C[Cscript ws5.txt[C[C[C[C[C[C[C[C[C[Cls[Krm sphere.gnu [C[C[C[C[C[C[C[C[C[Capt-get install gnuplot[C[C[C[C[C[C[C[C[C[C[5@sudo [C[C[C[C[C[C[C[C[C[C[C[C[C[C[C[C[C[C[C[C[C[C[C[C[C[C[C[C[C[C[C[C[Cls[Kgnuplot sphere.gnu [C[C[C[C[C[C[C[C[C[C[4Pnano sphere.gnu[C[C[C[C[C[C[C[C[C[C[9Pwhoami[2Ptmux cs131a2ls[Knew-session -s cs131a2[C[C[C[C[C[C[C[C[C[C[C[C[C[C[Cls[K[K kill-session[C[C[C[C[C[C[C[C[C[Cexit[Kgit push origin main[C[C[C[C[C[C[C[C[C[C[C[C[C[Ccommit -m "updated a1.txt"[C[C[C[C[C[C[C[C[C[C[C[C[C[Cadd a1[Kcd[Knano a1/a1.txt [24@downloaded_hashtags_extend.csv[C[C[C[C[C[C[C[C[C[C[Cls a1[Kgit push origin main[C[C[C[C[C[C[C[C[C[C[C[C[C[C[10Pstatuscommit -m "Added a1"[C[C[C[C[C[C[C[C[C[C[C[C[C[Cadd a1[Kls[Kcdls a1nano a1/cmds.log [2Pa1.txt[C[C[C[C[C[C[C[C[C[C[C[1@cat a1/cmds.log[C[C[C[C[C[C[C[C[C[C[Cls a1[K[Kmv cmds.log a1[C[C[C[C[C[C[C[C[C[C[2Pcat cmds.log[C[C[C[C[C[C[C[C[C[Cls[Kcdrm cmds.log [C[C[C[C[C[C[C[C[C[C[1@cat[C[C[C[C[C[C[C[C[C[C[C[C[C[C[C[C[C[C[C[Cls[Kcd a1[3Plsnano cmds.log[C[C[C[C[C[C[C[C[C[Cls[Khistory > cmds.log[C[C[C[C[C[C[C[C[C[C[2Pcat a1/cmds.log [C[C[C[C[C[C[C[C[C[Cls a1[K[Kcdat cmds.log[C[C[C[C[C[C[C[C[C[Cls[Kchmod u-x temp2[C[C[C[C[C[C[C[C[C[C[4Pmkdir[C[C[C[C[C[C[4Pls temp[2Pcd a1[Klscd temp3ls[Knano a1.txtcmds.log[C[C[C[C[C[C[C[C[C[C[8Pcd a1[3Plscdlscd a1nano cmds.log[C[C[C[C[C[C[C[C[C[Cmv cmds.log a1[2Pa1.txt[C[C[C[C[C[C[C[C[C[C[C[C[Cls[Khistory > cmds.log[C[C[C[C[C[C[C[C[C[C[5Pscript a1.txt[C[C[C[C[C[C[C[C[C[Ccut -d ',' -f2 downloaded_hashtags_extend.csv | sort -u | wc -l[C[C[C[C[C[C[C[C[C[C[C[C[C[C[C[C[C[C[C[C[C[C[C4[C[C[C[C[C[C[C[C[C[C[C[C[C[C[C[C[C[C[C[C[C[C[C[C[C[C[C[C[C[C[C[C[C[C[C[C[C[C[C[C[C[C[C[C[C[C[C[C[C[C[C[C[C[C[C[C[C[C[C[C[C[C[C[C[C[C[C[C[C[C[C[C1[C[C[C[C[C[C[C[C[C[C[C[C[C[C[C[C[C[C[C[C[C[C[C[C[C[C[C[C[C[C[C[C[C[C[C[C[C[C[C[C[C[C[C[C[C[C[C[C[C[C[C[C[C[C[C[C[C[C[C[27Phead downloaded_hashtags_extend.csv [C[C[C[C[C[C[C[C[C[Cfile[C[C[C[C[C[C[C[C[C[C[C[C[C[C[C[C[C[C[C[C[C[C[C[C[C[C[C[C[C[C[C[C[C[C[C[C[C[C[C[C[C[Ciconv -f utf-8 -t ascii -o downloaded_hashtags_extend.csv downloadedd_hashtags_extend.csv [A[C[C[C[C[C[C[C[C[C[C[31Pfile downloaded_hashtags_extend.csv 
[K[A[C[C[C[C[C[C[C[C[C[C[C[C[C[C[C[C[C[C[C[C[C[C[C[C[C[C[C[C[C[C[C[C[C[C[C[C[C[C[C[C[C[C[C[C[C[C[C[C[C[C[C[C[C[C[C[Cls[Kcd a1p /home/test/A1/downloaded_hashtags_extend.csv a1/[C[C[C[C[C[C[C[C[C[C[Cd[Kp /home/test/A1/downloaded_hashtags_extend.csv a1/[C[C[C[C[C[C[C[C[C[C[17Prm downloaded_hashtags_extend.csv [C[C[C[C[C[C[C[C[C[C[1@cat[C[C[C[C[C[C[C[C[C[C[C[C[C[C[C[C[C[C[C[C[C[C[C[C[C[C[C[C[C[C[C[C[C[C[C[C[C[C[C[C[C[C[1@file[C[C[C[C[C[C[C[C[C[C[C[C[C[C[C[C[C[C[C[C[C[C[C[C[C[C[C[C[C[C[C[C[C[C[C[C[C[C[C[C[C[Ciconv -f utf-8 -t ascii downloaded_hashtags_extend.csv > downloaded__hashtags_extend.csv [A[31Pfile downloaded_hashtags_extend.csv 
[K[A[C[C[C[C[C[C[C[C[C[C[C[C[C[C[C[C[C[C[C[C[C[C[C[C[C[C[C[C[C[C[C[C[C[C[C[C[C[C[C[C[C[C[C[C[C[C[C[C[C[C[C[C[C[C[C[C[1Pcat[C[C[C[C[C[C[C[C[C[C[C[C[C[C[C[C[C[C[C[C[C[C[C[C[C[C[C[C[C[C[C[C[C[C[C[C[C[C[C[C[C[C[1Prm[C[C[C[C[C[C[C[C[C[C[C[C[C[C[C[C[C[C[C[C[C[C[C[C[C[C[C[C[C[C[C[C[C[C[C[C[C[C[C[C[C[Ccp /home/test/A1/downloaded_hashtags_extend.csv a1/[C[C[C[C[C[C[C[C[C[C[Cd[Kp /home/test/A1/downloaded_hashtags_extend.csv a1/[C[C[C[C[C[C[C[C[C[C[Cd a1[K[3Plsfile downloaded_hashtags_extend.csv [C[C[C[C[C[C[C[C[C[Cls[Kcd a1p /home/test/A1/downloaded_hashtags_extend.csv a1/[C[C[C[C[C[C[C[C[C[C[Cd[Kp /home/test/A1/downloaded_hashtags_extend.csv a1/[C[C[C[C[C[C[C[C[C[C[17Prm downloaded_hashtags_extend.csv [C[C[C[C[C[C[C[C[C[C[1@cat[C[C[C[C[C[C[C[C[C[C[C[C[C[C[C[C[C[C[C[C[C[C[C[C[C[C[C[C[C[C[C[C[C[C[C[C[C[C[C[C[C[C[1@file[C[C[C[C[C[C[C[C[C[C[C[C[C[C[C[C[C[C[C[C[C[C[C[C[C[C[C[C[C[C[C[C[C[C[C[C[C[C[C[C[C[Ciconv -f utf-8 -t ascii downloaded_hashtags_extend.csv > downloaded__hashtags_extend.csv [Als[K
[K[A[C[C[C[C[C[C[C[C[C[C[C[Cfile downloaded_hashtags_extend.csv [C[C[C[C[C[C[C[C[C[Ciconv -f utf-8 -t ascii downloaded_hashtags_extend.csv[C[C[C[C[C[C[C[C[C[C[18Pfile downloaded_hashtags_extend.csv [C[C[C[C[C[C[C[C[C[Ccut -d ',' -f2 downloaded_hashtags_extend.csv | grep -i "great" | wcc -l[A[C[C[C[C[C[C[13Pgrep -i "great" downloaded_hashtags_extend.csv | wc -l
[K[A[C[C[C[C[C[C[C[C[C[C[C[C[C[C[C[C[C[C[C[C[C[C[C[C[C[C[C[C[C[C[C[C[C[C[C[C[C[C[C[C[C[C[C[C[C[C[C[C[C[C[C[C[C[C[C[C[C[C[C[C[C[C[C[C[C[C[C[C[C[C[C[C[C[C[14Phead -30 downloaded_hashtags_extend.csv [C[C[C[C[C[C[C[C[C[C[C[C[C[C[C[4P[C[C[C[C[C[C[C[C[C[C[C[C[C[C[C[C[C[C[C[C[C[C[C[C[C[C[C[C[C[C[C[C[C[C[C[C[C[C[C[C[C[1@wc -l[C[C[C[C[C[C[C[C[C[C[C[C[C[C[C[C[C[C[C[C[C[C[C[C[C[C[C[C[C[C[C[C[C[C[C[C[C[C[C[C[C[C[1Pstat[C[C[C[C[C[C[C[C[C[C[C[C[C[C[C[C[C[C[C[C[C[C[C[C[C[C[C[C[C[C[C[C[C[C[C[C[C[C[C[C[C[Cls[Kcd a1p /home/test/A1/downloaded_hashtags_extend.csv a1/[C[C[C[C[C[C[C[C[C[Cls[Kcdlsrm a1[3Plscp /home/test/A1/downloaded_hashtags_extend.csv a1/[C[C[C[C[C[C[C[C[C[C[Cat /proc/cpuinfo[K[C[C[C[C[C[C[C[C[C[C[1@tail[C[C[C[C[C[C[C[C[C[C[C[C[C[C[C[C[C[C[C[C[C[C[C[Chead[C[C[C[C[C[C[C[C[C[C[C[C[C[Cmeminfo[C[C[C[C[C[C[C[C[C[Cls /proc/ | grep cpumem[C[C[C[C[C[C[C[C[C[C[C[C[Ctemp3[Kcopy[Kcp -r temp3 temp3copy[C[C[C[C[C[C[C[C[C[Cls[Kmv temp2 temp3[C[C[C[C[C[C[C[C[C[C[C[3Pkdir temp2[1Pls -l temptouch temp/test.txt[C[C[C[C[C[C[C[C[C[Cls -l[Ktempcd[C[C[C[C[C[7@hmod u-x[C[C[C[C[C[C[C[C[C[C[C[C[C[C[C[4Pmkdir[C[C[C[C[Cid[K -ucd a1echo $HOMEpwd[K[1Pcdlscd a1[3@mkdir[C[C[Cls[Knano cmds.log[C[C[C[C[C[C[C[C[C[C[5@history >[C[C[C[C[C[C[C[C[C[C[C[C[C[C[C[C[C[C[Ccd[Klsmv customerID.txt 50732546.txt[C[C[C[C[C[C[C[C[C[C[13Pcd ws4/CUSTOMERS/[C[C[C[C[C[C[C[C[C[C[C[C[Klsmv productID.txt 0805076069.txt[C[C[C[C[C[C[C[C[C[Cawk '{sum+=$1} END {print sum/NR}' productID.txt | bc[C[C[C[C[C[C[C[C[C[Ccd ws4/PRODUCTS/[K[C[C[C[C[C[C[C[C[C[C[C[C[Kawk '{sum+=$1} END {print sum/NR}' customerID.txt | bc[C[C[C[C[C[C[C[C[C[Ccd ws4/CUSTOMERS/[K[C[C[C[C[C[C[C[C[C[Cawk '{sum+=$1} END {print sum/NR}' numbers.txt | bc[C[C[C[C[C[C[C[C[C[Ccd[Klscd CUSTOMERS[C[C[C[C[C[C[C[C[C[Cls[Kcd ws4[4Plscd$ sum=$(awk '{print $2}' productID.txt | paste -sd+ | bc); echo "$suum / $(cat productID.txt | wc -l)" | bc -l[A[C[C[C[C[C[C[C[C[C[C[3P(paste -sd+ productID.txt; echo "/"; wc -l < productID.txt) | bc
[K[A[C[C[C[C[C[C[C[C[C[C[C[C[C[C[C[C[C[C[C[C[C[C[C[C[C[C[C[C[C[C[C[C[C[C[C[C[C[C[C[C[C[C[C[C[C[C[C[C[C[C[C[C[C[C[C[C[C[C[C[C[C[C[C[C[C[C[C[C[C[C[C[C[C[C[C[C[C[C[C[C[C[C[C[C[2@echo "$(paste -sd+ productID.txt) / $(wc -l < productID.txt)"[C[C[C[C[C[C[C[C[C[C[C[C[C[C[C[7P$(paste -sd+ productID.txt) / $(wc -l < productID.txt)[C[C[C[C[C[C[C[C[C[C[C[C[C[C[C[2@"$(paste -sd+ productID.txt) / $(wc -l < productID.txt)"[C[C[C[C[C[C[C[C[C[C[C[C[C[C[C[5@echo [C[C[C[C[C[C[C[C[C[C[C[C[C[C[C[C[C[C[C[C[C[C[C[C[C[C[C[C[C[C[C[C[C[C[C[C[C[C[C[C[C[C[C[C[C[C[C[C[C[C[C[C[C[C[C[C[C[C[C[C[C[C[C[C[C[C[C[C[C[C[C[7P$(paste -sd+ productID.txt) / $(wc -l < productID.txt)[C[C[C[C[C[C[C[C[C[C[C[C[C[C[C[37Pwc -l < productID.txt [C[C[C[C[C[C[C[C[C[Cpaste -sd+ productID.txt | bc[C[C[C[C[C[C[C[C[C[Cecho "scale=2; $(paste -sd+ productID.txt) / $(wc -l < productID.txtt)" | bc[A[C[Ccd ws4/PRODUCTS/[K
[K[A[C[C[C[C[C[C[C[C[C[C[C[C[C[C[C[C[C[C[C[C[C[C[C[C[C[C[C[C[C[C[C[C[C[C[C[C[C[C[K ws4[4Plsrm homels[Kcd ws4/CUSTOMERS/[C[C[C[C[C[C[C[C[C[C[15@mv customerID.txt[C[C[C[C[C[C[C[C[C[C[C[C[C[C[C[C[C[C[C[C[C[C[C[C[C[9Pwc -l < customerID.txt [C[C[C[C[C[C[C[C[C[C[5Pcat customerID.txt[C[C[C[C[C[C[C[C[C[Cls[Kegrep $'(.*\t){1}50732546\t' amazon_reviews_us_Books_v1_02.tsv | cutt -f9 -d'       ' > customerID.txt[A[C[C[C[C[C[C[C[C[C[Ccd[K
[K[A[C[C[C[C[C[C[C[C[C[C[C[Cat home[1Pd[C[C[C[C[Cls[Kcd CUSTOMERS/[C[C[C[C[C[C[C[C[C[Cls[Kcd ws4homels[Kcdmv customerID.txt home[C[C[C[C[C[C[C[C[C[Cegrep $'(.*\t){1}50732546\t' amazon_reviews_us_Books_v1_02.tsv | cutt -f9 -d'       ' > CUSTOMERS/customerID.txt[A[C[C[C[C[C[C[C[C[C[Ccd CUSTOMERS/[K
[K[A[C[C[C[C[C[C[C[C[C[C[C[C[C[C[C[C[C[C[C[C[C[C[Cws4[K[Klscd ws4egrep $'(.*\t){1}50732546\t' amazon_reviews_us_Books_v1_02.tsv | cutt -f9 -d'       ' > CUSTOMERS/customerID.txt[C[C[C[C[C[C[C[C[C[C[C'[K[Awc -l < productID.txt [K
[K[A[C[C[C[C[C[C[C[C[C[C[C[C[C[C[C[C[C[C[C[C[C[C[C[C[C[C[C[C[C[C[C[C[C[C[C[C[C[C[C[C[C[C[4Pcat[C[C[C[C[C[C[C[C[C[C[C[C[C[C[C[C[C[C[C[C[C[C[C[C[C[C[7Pd PRODUCTS[5Pws4[4Plscd PRODUCTSls[Kwc -l < customerID.txt [C[C[C[C[C[C[C[C[C[Cecho "scale=2; $(paste -sd+ customerID.txt) | bc/ $(wc -l < customerID.ttxt)" | bc[A[C[C[C[C[C[C[C[C[C[C[C[C[C[C[C[C[C[C[C[C[C[C[C[C[C[C[C[C[C[C[C[C[C[C[C[C[C[C[C[C[C[C[C[C| bc[K
[K[A[C[C[C[C[C[C[C[C[C[C[C[C[C[C[C[C[C[C[C[C[C[C[C[C[C[C[C[C[C[C[C[C[C[C[C[C[C[C[C[C[C[C[C[C[C[C[C[C[C[C[C[C[C[C[C[C[C[C[C[C[C[C[C[C[C[C[C[C[25Pwc -l < customerID.txt [C[C[C[C[C[C[C[C[C[Cls[Kcd PRODUCTS[Klscd ws4PRODUCTSat productID.txt [C[C[C[C[C[C[C[C[C[C[4@wc -l <[C[C[C[C[C[C[C[C[C[C[C[C[C[C[C[C[C[C[C[C[C[C[C[C[Cegrep $'(.*\t){1}50732546\t' amazon_reviews_us_Books_v1_02.tsv | cutt -f9 -d'  '     ' > CUSTOMERS/customerID.txt[C[C[C[C[C[C[C[C[C[C[C'[K[Awc -l < productID.txt [K
[K[A[C[C[C[C[C[C[C[C[C[C[C[C[C[C[C[C[C[C[C[C[C[C[C[C[C[C[C[C[C[C[C[C[C[C[C[C[C[C[C[C[C[C[4Pcat[C[C[C[C[C[C[C[C[C[C[C[C[C[C[C[C[C[C[C[C[C[C[C[C[C[C[7Pd PRODUCTS[5Pws4[4Plscd PRODUCTSls[Kwc -l < customerID.txt [C[C[C[C[C[C[C[C[C[Cecho "scale=2; $(paste -sd+ customerID.txt) | bc/ $(wc -l < customerID.ttxt)" | bc[A[C[C[C[C[C[C[C[C[C[C[C[C[C[C[C[C[C[C[C[C[C[C[C[C[C[C[C[C[C[C[C[C[C[C[C[C[C[C[C[C[C[C[C[C[C[C[C[C[C[C[C[C[C[CcustomerID.txt[2P[C[C[C[C[C[C[C[A[C[C[C[C[C[C[C[C[C[C[C[C[C[C[C[C[C[C[C[C[C[C[C[C[C[C[C[C[C[C[C[C[C[C[C[C[C[C[C[C[C[C[C[C[C[C[C[C[C[C[C[C[C[C[C[C< customerID.t[2@xt[C[C[C[C[C[C[C[A[C[C[C[C[C[C[C[C[C[C[C[C[C[C[C[C[C[C[C[C[C[C[C[C[C[C[C[C[C[C[C[C[C[C[C[C[C[C[C[C[C[C[C[C[C[C(wc -l < customerID.tx[1P[C[C[C[C[C[C[C[C[A[C[C[C[C[C[C[C[C[C[C[C[C[C[C[C[C[C[C[C[C[C[C[C[C[C[C[C[C[C[C[C[C[C[C[C[C[C[C[C[C[C[C[C[C[C[C[C$(wc -l < customerID.t[1@x[C[C[C[C[C[C[C[C[Acat customerID.txt [K
[K[A[C[C[C[C[C[C[C[C[C[C[C[C[C[C[C[C[C[C[C[C[C[C[C[C[C[C[C[C[C[C[C[C[C[C[C[C[C[C[Cecho "scale=2; $(paste -sd+ customerID.txt) / $(wc -l < customerID.ttxt)" | bc[Apaste -sd'+' customerID.txt | echo "scale=2; (\'cat\') / \'wc -l\ < [13@customerID.txt\'[C[C[C[C[C[C[A[C[C[C[C[C[C[C[C[C[Cecho "scale=2; $(paste -sd+ customerID.txt) / $(wc -l < customerID.t[13Pxt)[C[C[C[C[C[C[Als[K
[K[A[C[C[C[C[C[C[C[C[C[C[C[Ccd CUSTOMERS[C[C[C[C[C[C[C[C[C[Cls[Kcd CUSTOMERS[C[C[C[C[C[C[C[C[C[Cls[Kecho "scale=2; $(paste -sd+ customerID.txt) / $(wc -l < customerID.ttxt)" | bc[Apaste -sd'+' customerID.txt | echo "scale=2; (\'cat\') / \'wc -l\ < [13@customerID.txt\'[C[C[C[C[C[C[A[C[C[C[C[C[C[C[C[C[Cecho "scale=2; $(paste -sd+ customerID.txt) / $(wc -l < customerID.t[13Pxt)[C[C[C[C[C[C[Als[K
[K[A[C[C[C[C[C[C[C[C[C[C[C[Ccd CUSTOMERS[C[C[C[C[C[C[C[C[C[Cls[Kcd ws4[4Plsecho "scale=2; $(paste -sd+ customerID.txt) / $(wc -l < customerID.ttxt)" | bc[Apaste -sd'+' customerID.txt | echo "scale=2; (\'cat\') / \'wc -l\ < [13@customerID.txt\'[C[C[C[C[C[C[A[C[C[C[C[C[C[C[C[C[C[30P(standard_in) 1: illegal character: '
[K[A[C[C[C[C[C[C[C[C[C[C[C[C[C[C[C[C[C[C[C[C[C[C[C[C[C[C[C[C[C[C[C[C[C[C[C[C[C[C[C[C[C[C[C[C[C[C[C\|[8Psyntax errorillegal character: '\'\'\'\'[8Psyntax errorillegal character: |\'[C[C[C[C[C[C[C[C[C[Cpaste -sd'+' customerID.txt | echo "scale=2; (\'cat\') / \'wc -l\ <  customerID.txt\'" | bc[A[C[C[C[C[C[C[C[C[C[Cecho "scale=2; $(paste -sd+ customerID.txt) / $(wc -l < customerID.t[13Pxt)[C[C[C[C[C[C[Als[K
[K[A[C[C[C[C[C[C[C[C[C[C[C[Ccd ws4[4Plscd CUSTOMERS[C[C[C[C[C[C[C[C[C[Cls[Kecho "scale=2; $(paste -sd+ customerID.txt) / $(wc -l < customerID.ttxt)" | bc[Apaste -sd'+' customerID.txt | echo "scale=2; (\'cat\') / \'wc -l\ < [13@customerID.txt\'[C[C[C[C[C[C[A[C[C[C[C[C[C[C[C[C[Cecho "scale=2; $(paste -sd+ customerID.txt) / $(wc -l < customerID.t[13Pxt)[C[C[C[C[C[C[Acat customerID.txt [K
[K[A[C[C[C[C[C[C[C[C[C[C[C[C[C[C[C[C[C[C[C[C[C[C[C[C[C[C[C[C[C[C[C[C[C[C[C[C[C[C[Cecho "scale=2; $(paste -sd+ customerID.txt) / $(wc -l < customerID.ttxt)" | bc[A[C[C[C[C[C[C[C[C[C[C[C[C[C[C[C[C[C[C[C[C[C[C[C[C[C[C[C[C[C[C[C[C[C[C[C[C[C[C[C[C[C[C[C[C[C[C(wc -l < customerID.tx[1P[C[C[C[C[C[C[C[C[A[C[C[C[C[C[C[C[C[C[C[C[C[C[C[C[C[C[C[C[C[C[C[C[C[C[C[C[C[C[C[C[C[C[C[C[C[C[C[C[C[C[C[C[C[C[C[C$(wc -l < customerID.t[1@x[C[C[C[C[C[C[C[C[A[C[C[C[C[C[C[C[C[C[C[C[C[C[C[C[C[C[C[C[C[C[C[C[C[C[C[C[C[C[C[C[C[C[C[C[C[C[C[C[C[C[C[C[C[C[C[C[C[C[C[C[C[C[CcustomerID.txt[2P[C[C[C[C[C[C[C[A[C[C[C[C[C[C[C[C[C[C[C[C[C[C[C[C[C[C[C[C[C[C[C[C[C[C[C[C[C[C[C[C[C[C[C[C[C[C[C[C[C[C[C[C[C[C[C[C[C[C[C[C[C[C[C[C< customerID.t[2@xt[C[C[C[C[C[C[C[A[C[C[C[C[C[C[C[C[C[C[C[C[C[C[C[C[C[C[C[C[C[C[C[C[C[C[C[C[C[C[C[C[C[C[C[C[C[C[C[C[C[C[C[C[C[C[C[C[C[C[C[C[C[CcustomerID.txt[2P[C[C[C[C[C[C[C[A[C[C[C[C[C[C[C[C[C[C[C[C[C[C[C[C[C[C[C[C[C[C[C[C[C[C[C[C[C[C[C[C[C[C[C[C[C[C[C[C[C[C[C[C[C[C[C[C[C[C[C[C[C[C[C[C< customerID.t[2@xt[C[C[C[C[C[C[C[A[C[C[C[C[C[C[C[C[C[C[C[C[C[C[C[C[C[C[C[C[C[C[C[C[C[C[C[C[C[C[C[C[C[C[C[C[C[C[C[C[C[C[C[C[C[C(wc -l < customerID.tx[1P[C[C[C[C[C[C[C[C[A[C[C[C[C[C[C[C[C[C[C[C[C[C[C[C[C[C[C[C[C[C[C[C[C[C[C[C[C[C[C[C[C[C[C[C[C[C[C[C[C[C[C[C[C[C[C[C$(wc -l < customerID.t[1@x[C[C[C[C[C[C[C[C[Acat customerID.txt [K
[K[A[C[C[C[C[C[C[C[C[C[C[C[C[C[C[C[C[C[C[C[C[C[C[C[C[C[C[C[C[C[C[C[C[C[C[C[C[C[C[Cecho "scale=2; $(paste -sd+ customerID.txt) / $(wc -l < customerID.ttxt)" | bc[Apaste -sd'+' customerID.txt | echo "scale=2; (\'cat\') / \'wc -l\ < [13@customerID.txt\'[C[C[C[C[C[C[A[C[C[C[C[C[C[C[C[C[Cecho "scale=2; $(paste -sd+ customerID.txt) / $(wc -l < customerID.t[13Pxt)[C[C[C[C[C[C[Als[K
[K[A[C[C[C[C[C[C[C[C[C[C[C[Ccd CUSTOMERS[C[C[C[C[C[C[C[C[C[Cls[K[K[Kcut -f2 `[K~/amazon_reviews_us_Books_v1_02.tsv | sort -g | uniq -c | s ort -gr | head -15
  21922 50122160
   9964 50732546
   2664 52615377
   2215 45041039
   1797 50776149
   1786 50913245
   1643 20595117
   1622 45273033
   1416 39569598
   1384 49693975
   1336 38491967
   1300 36642996
   1263 50881246
   1159 52254603
   1039 51987970
bash-4.4$ cut -f2 ~/amazon_reviews_us_Books_v1_02.tsv | sort -g | uniq -c | soort -gr | head -15[1@c[1@u[1@t[1@ [1@-[1@b[1@9[1@-[1@ [1@|[1@ [C[C[C[C[C[C[C[C[K[K200 > topcustomers.txt
bash-4.4$ ls
a1				   topcustomers.txt  ws2  ws5
amazon_reviews_us_Books_v1_02.tsv  users.txt	     ws3  ws5.txt
index.html			   ws1		     ws4
bash-4.4$ nano topcustomers.txt
[?1049h[22;0;0t[1;44r(B[m[4l[?7h[39;49m[?1h=[?1h=[?1h=[?25l[39;49m(B[m[H[2J[42;31H(B[0;7m[ Reading File ](B[m[42;30H(B[0;7m[ Read 200 lines ](B[m[H(B[0;7m  GNU nano 2.9.8                 topcustomers.txt                            [1;76H(B[m[43d(B[0;7m^G(B[m Get Help    (B[0;7m^O(B[m Write Out   (B[0;7m^W(B[m Where Is    (B[0;7m^K(B[m Cut Text    (B[0;7m^J(B[m Justify[44d(B[0;7m^X(B[m Exit[44;16H(B[0;7m^R(B[m Read File   (B[0;7m^\(B[m Replace     (B[0;7m^U(B[m Uncut Text  (B[0;7m^T(B[m To Spell[42d[3d[39;49m(B[m50122160[4d50732546[5d52615377[6d45041039[7d50776149[8d50913245[9d20595117[10d45273033[11d39569598[12d49693975[13d38491967[14d36642996[15d50881246[16d52254603[17d51987970[18d49750558[19d49115690[20d50608834[21d50068216[22d51147790[23d43546353[24d50199793[25d52476938[26d50774468[27d49273674[28d49148452[29d41012519[30d52938698[31d52793250[32d52173832[33d49447323[34d52564468[35d49355567[36d52797744[37d52894384[38d53082946[39d49992211[40d53084107[41d51065232[3d[?12l[?25h[?25l[4d[?12l[?25h[?25l[5d[?12l[?25h[?25l[6d[?12l[?25h[?25l[7d[?12l[?25h[?25l[8d[?12l[?25h[?25l[9d[?12l[?25h[?25l[10d[?12l[?25h[?25l[11d[?12l[?25h[?25l[12d[?12l[?25h[?25l[13d[?12l[?25h[?25l[14d[?12l[?25h[?25l[15d[?12l[?25h[?25l[16d[?12l[?25h[?25l[17d[?12l[?25h[?25l[18d[?12l[?25h[?25l[19d[?12l[?25h[?25l[20d[?12l[?25h[?25l[21d[?12l[?25h[?25l[22d[?12l[?25h[?25l[23d[?12l[?25h[?25l[24d[?12l[?25h[?25l[25d[?12l[?25h[?25l[26d[?12l[?25h[?25l[27d[?12l[?25h[?25l[28d[?12l[?25h[?25l[42d[K[29d[?12l[?25h[?25l[30d[?12l[?25h[?25l[31d[?12l[?25h[?25l[32d[?12l[?25h[?25l[33d[?12l[?25h[?25l[34d[?12l[?25h[?25l[35d[?12l[?25h[?25l[36d[?12l[?25h[?25l[37d[?12l[?25h[?25l[38d[?12l[?25h[?25l[39d[?12l[?25h[?25l[40d[?12l[?25h[?25l[41d[?12l[?25h[?25l7[3;42r8[42d[20S[1;44r[22;1H51934027[23d50652563[24d52830980[25d52774618[26d52496677[27d49202417[28d51243012[29d53072811[30d51379338[31d53009736[32d51325095[33d53016962[34d50702879[35d50941451[36d35985708[37d45193257[38d46983871[39d53008075[40d51917998[41d52266433[22d[?12l[?25h[?25l[23d[?12l[?25h[?25l[24d[?12l[?25h[?25l[25d[?12l[?25h[?25l[26d[?12l[?25h[?25l[27d[?12l[?25h[?25l[28d[?12l[?25h[?25l[29d[?12l[?25h[?25l[30d[?12l[?25h[?25l[31d[?12l[?25h[?25l[32d[?12l[?25h[?25l[33d[?12l[?25h[?25l[34d[?12l[?25h[?25l[35d[?12l[?25h[?25l[36d[?12l[?25h[?25l[37d[?12l[?25h[?25l[38d[?12l[?25h[?25l[39d[?12l[?25h[?25l[40d[?12l[?25h[?25l[41d[?12l[?25h[?25l7[3;42r8[42d[20S[1;44r[22;1H50895620[23d51010391[24d39134375[25d35004134[26d53071109[27d53037408[28d51247650[29d46134316[30d50592435[31d52706646[32d45284807[33d53047425[34d52517734[35d52223435[36d51809405[37d38672733[38d52753467[39d50761804[40d52500542[41d50378566[22d[?12l[?25h[?25l[23d[?12l[?25h[?25l[24d[?12l[?25h[?25l[25d[?12l[?25h[?25l[26d[?12l[?25h[?25l[27d[?12l[?25h[?25l[28d[?12l[?25h[?25l[29d[?12l[?25h[?25l[30d[?12l[?25h[?25l[31d[?12l[?25h[?25l[32d[?12l[?25h[?25l[33d[?12l[?25h[?25l[34d[?12l[?25h[?25l[35d[?12l[?25h[?25l[36d[?12l[?25h[?25l[43d[J[44;77H[?12l[?25h[44;1H[?1049l[23;0;0t[?1l>bash-4.4$ for id in '[K`cat topcustomers.txt` ; do grep -EN "^[C[1P "^n "^[C[C[C.*\s${id}\s[C[1P[1P[1@c[1@u[1@s[1@t[1@o[1@m[1@e[1@r[C[C[C[C[C[C[C[C[C[C[C[C[C[C[C[C[C[C[C[C[C[C[C[C[C[C[C[C[C[C[C[C[C[C[C[C[C[C[C[C[C[C[C[C[C[C[C[C[C[C[C[C[C[1P}\s[1P}\sc}\su}\ss}\s [A[C[C[C[C[C[C[C[C[C[C[C[C[C[C[C[C[C[C[C[C[C[C[C[C[C[C[C[C[C[C[C[C[C[C[C[C[C[C[C[C[C[C[C[C[C[C[C[C[C[C[C[C[C[C[C[C[C[C[C[C[C[C[C[C[C[C[C[C[C[C[C[C[Ct}\ss[A[C[C[C[C[C[C[C[C[C[C[C[C[C[C[C[C[C[C[C[C[C[C[C[C[C[C[C[C[C[C[C[C[C[C[C[C[C[C[C[C[C[C[C[C[C[C[C[C[C[C[C[C[C[C[C[C[C[C[C[C[C[C[C[C[C[C[C[C[C[C[C[C[C[Co}\s[A[C[C[C[C[C[C[C[C[C[C[C[C[C[C[C[C[C[C[C[C[C[C[C[C[C[C[C[C[C[C[C[C[C[C[C[C[C[C[C[C[C[C[C[C[C[C[C[C[C[C[C[C[C[C[C[C[C[C[C[C[C[C[C[C[C[C[C[C[C[C[C[C[C[Cm}\se}\s[Cr}\s[C[C[C" amazon_reviews_us_Books_v1_02.tsv  > $[Kws5/CUSTOMERS/$[id][K}[1Pid}{id}[C[C[C.txt ; done
bash-4.4$ ls
a1				   topcustomers.txt  ws2  ws5
amazon_reviews_us_Books_v1_02.tsv  users.txt	     ws3  ws5.txt
index.html			   ws1		     ws4
bash-4.4$ ls ws5/CUSTOMERS/
bash-4.4$ ls ws5
CUSTOMERS
bash-4.4$ cd ws5/CUSTOMERS/
bash-4.4$ ls
bash-4.4$ lscd ws5/CUSTOMERS/[C[C[C[C[C[C[C[C[C[C[11Pls ws5/CUSTOMERS/[C[C[C[C[C[C[C[C[C[C[C[C[Kfor customer in `cat topcustomers.txt` ; do grep -En "^.*\s${customeer}\s" amazon_reviews_us_Books_v1_02.tsv  > ws5/CUSTOMERS/${id}.txt ; done[C[C[C[1P[C[C[C[C[C[C[C[C[C[C[C[C[C[C[C[C[C[C[C[C[C[C[C[C[C[C[C[C[C[C[C[C[C
cat: topcustomers.txt: No such file or directory
bash-4.4$ cd
bash-4.4$ cdfor customer in `cat topcustomers.txt` ; do grep -En "^.*\s${customeer}\s" amazon_reviews_us_Books_v1_02.tsv > ws5/CUSTOMERS/${id}.txt ; done
^C
bash-4.4$ for customer in `cat topcustomers.txt` ; do grep -En "^.*\s${customeer}\s" amazon_reviews_us_Books_v1_02.tsv > ws5/CUSTOMERS/${id}.txt ; done[1P[1P[1@c[1@u[1@s[1@t[1@om}.txt ; done [A[C[C[C[C[C[C[C[C[C[C[C[C[C[C[C[C[C[C[C[C[C[C[C[C[C[C[C[C[C[C[C[C[C[C[C[C[C[C[C[C[C[C[C[C[C[C[C[C[C[C[C[C[C[C[C[C[C[C[C[C[C[C[C[Ce}.txt ; donee[A[C[C[C[C[C[C[C[C[C[C[C[C[C[C[C[C[C[C[C[C[C[C[C[C[C[C[C[C[C[C[C[C[C[C[C[C[C[C[C[C[C[C[C[C[C[C[C[C[C[C[C[C[C[C[C[C[C[C[C[C[C[C[C[C[Cr}.txt ; done[A[C[C[C[C[C[C[C[C[C[C[C[C[C[C[C[C[C[C[C[C[C[C[C[C[C[C[C[C[C[C[C[C[C[C[C[C[C[C[C[C[C[C[C[C[C[C[C[C[C[C[C[C[C[C[C[C[C[C[C[C[C[C[C[C[C

bash-4.4$ ls ws5/CUSTOMERS/
12598621.txt  49248343.txt  50718004.txt  52008531.txt	52778209.txt
14720400.txt  49263512.txt  50720905.txt  52012289.txt	52791632.txt
20422170.txt  49273674.txt  50732546.txt  52036644.txt	52793250.txt
20595117.txt  49355567.txt  50736950.txt  52048190.txt	52797744.txt
27681907.txt  49390985.txt  50759440.txt  52147775.txt	52801489.txt
29569603.txt  49423742.txt  50761804.txt  52150226.txt	52804949.txt
30559999.txt  49447323.txt  50774468.txt  52160649.txt	52812751.txt
31612235.txt  49600435.txt  50776149.txt  52161778.txt	52821302.txt
33631101.txt  49693975.txt  50864942.txt  52173832.txt	52830980.txt
35004134.txt  49750558.txt  50881246.txt  52223435.txt	52844555.txt
35985708.txt  49786731.txt  50895620.txt  52254603.txt	52845727.txt
36642996.txt  49865122.txt  50913245.txt  52266433.txt	52850806.txt
37010568.txt  49908889.txt  50941451.txt  52294653.txt	52868156.txt
38002140.txt  49945008.txt  51007592.txt  52300235.txt	52882573.txt
38243114.txt  49945404.txt  51010391.txt  52447634.txt	52894384.txt
38491967.txt  49989755.txt  51065232.txt  52451546.txt	52918997.txt
38610362.txt  49992211.txt  51110953.txt  52474360.txt	52938698.txt
38672733.txt  49998206.txt  51126995.txt  52476938.txt	52947077.txt
39134375.txt  50005452.txt  51130320.txt  52479341.txt	52966385.txt
39569598.txt  50015891.txt  51142763.txt  52489871.txt	52976583.txt
39792599.txt  50038433.txt  51145127.txt  52496677.txt	53002620.txt
40684262.txt  50057481.txt  51147790.txt  52500542.txt	53008075.txt
41012519.txt  50068216.txt  51152957.txt  52517734.txt	53009736.txt
41521760.txt  50122160.txt  51197300.txt  52533596.txt	53016962.txt
42800127.txt  50199793.txt  51199159.txt  52558011.txt	53018444.txt
43546353.txt  50200864.txt  51210331.txt  52564468.txt	53037408.txt
45041039.txt  50287514.txt  51214937.txt  52615377.txt	53047293.txt
45193257.txt  50378566.txt  51243012.txt  52631742.txt	53047425.txt
45273033.txt  50389232.txt  51247650.txt  52639757.txt	53052943.txt
45284807.txt  50424562.txt  51301346.txt  52660946.txt	53057410.txt
45761937.txt  50592435.txt  51325095.txt  52683195.txt	53058008.txt
46134316.txt  50593376.txt  51379338.txt  52697458.txt	53067930.txt
46983871.txt  50608834.txt  51403161.txt  52705209.txt	53071109.txt
47964988.txt  50652563.txt  51645455.txt  52706646.txt	53071190.txt
48354073.txt  50658053.txt  51744771.txt  52709697.txt	53072811.txt
49042814.txt  50667536.txt  51809405.txt  52724725.txt	53075086.txt
49115690.txt  50669529.txt  51915884.txt  52753467.txt	53078987.txt
49148452.txt  50676891.txt  51917998.txt  52754918.txt	53082946.txt
49200164.txt  50702879.txt  51934027.txt  52774618.txt	53084041.txt
49202417.txt  50704952.txt  51987970.txt  52776495.txt	53084107.txt
bash-4.4$ ls
a1				   topcustomers.txt  ws2  ws5
amazon_reviews_us_Books_v1_02.tsv  users.txt	     ws3  ws5.txt
index.html			   ws1		     ws4
bash-4.4$ history > cmds.log
bash-4.4$ la[Ks
a1				   index.html	     ws1  ws4
amazon_reviews_us_Books_v1_02.tsv  topcustomers.txt  ws2  ws5
cmds.log			   users.txt	     ws3  ws5.txt
bash-4.4$ mv topcustomers.txt ws5
bash-4.4$ mv cmds.log ws5
bash-4.4$ ls ws5
cmds.log  CUSTOMERS  topcustomers.txt
bash-4.4$ nano cmds.logwcmds.logscmds.log5cmds.log/cmds.log
[?1049h[22;0;0t[1;44r(B[m[4l[?7h[39;49m[?1h=[?1h=[?1h=[?25l[39;49m(B[m[H[2J[42;31H(B[0;7m[ Reading File ](B[m[42;30H(B[0;7m[ Read 807 lines ](B[m[H(B[0;7m  GNU nano 2.9.8                   ws5/cmds.log                              [1;76H(B[m[43d(B[0;7m^G(B[m Get Help    (B[0;7m^O(B[m Write Out   (B[0;7m^W(B[m Where Is    (B[0;7m^K(B[m Cut Text    (B[0;7m^J(B[m Justify[44d(B[0;7m^X(B[m Exit[44;16H(B[0;7m^R(B[m Read File   (B[0;7m^\(B[m Replace     (B[0;7m^U(B[m Uncut Text  (B[0;7m^T(B[m To Spell[42d[3;5H[39;49m(B[m1  passwd[4;5H2  ping 172.31.197.164[5;5H3  wget www.github.com[6;5H4  ping 172.29.96.76[7;5H5  wget www.github.com[8;5H6  ping 172.31.197.164[9;5H7  cd desktop[10;5H8  cd ~/Desktop[11;5H9  mkdir CS131[12;4H10  cd cs131[13;4H11  rmdir cs131[14;4H12  cs CS131[15;4H13  cdCS131[16;4H14  cd CS131[17;4H15  cd[18;4H16  ls[19;4H17  rmdir CS131[20;4H18  git init[21;4H19  cd Desktop[22;4H20  mkdir ws1[23;4H21  history > cmds.log[24;4H22  git status[25;4H23  cd ws1[26;4H24  ls[27;4H25  cd[28;4H26  cd ws1[29;4H27  cd[30;4H28  cd cmds.log[31;4H29  mv cmds.log ws1[32;4H30  cd ws1[33;4H31  ls[34;4H32  git add ws1[35;4H33  ls[36;4H34  cd[37;4H35  git add ws1[38;4H36  ls[39;4H37  git status[40;4H38  git commit -m "Added cmds.log"[41;4H39    git config --global user.email "you@example.com"[3d[?12l[?25h[?25l[4d[?12l[?25h[?25l[A[?12l[?25h[?25l[42;30H   (B[0;7m[ Mark Set ](B[m[K[3d[?12l[?25h[?25l(B[0;7m    1  passwd[4d(B[m[?12l[?25h[?25l(B[0;7m    2  ping 172.31.197.164[5d(B[m[?12l[?25h[?25l(B[0;7m    3  wget www.github.com[6d(B[m[?12l[?25h[?25l(B[0;7m    4  ping 172.29.96.76[7d(B[m[?12l[?25h[?25l(B[0;7m    5  wget www.github.com[8d(B[m[?12l[?25h[?25l(B[0;7m    6  ping 172.31.197.164[9d(B[m[?12l[?25h[?25l(B[0;7m    7  cd desktop[10d(B[m[?12l[?25h[?25l(B[0;7m    8  cd ~/Desktop[11d(B[m[?12l[?25h[?25l(B[0;7m    9  mkdir CS131[12d(B[m[?12l[?25h[?25l(B[0;7m   10  cd cs131[13d(B[m[?12l[?25h[?25l(B[0;7m   11  rmdir cs131[14d(B[m[?12l[?25h[?25l(B[0;7m   12  cs CS131[15d(B[m[?12l[?25h[?25l(B[0;7m   13  cdCS131[16d(B[m[?12l[?25h[?25l(B[0;7m   14  cd CS131[17d(B[m[?12l[?25h[?25l(B[0;7m   15  cd[18d(B[m[?12l[?25h[?25l(B[0;7m   16  ls[19d(B[m[?12l[?25h[?25l(B[0;7m   17  rmdir CS131[20d(B[m[?12l[?25h[?25l(B[0;7m   18  git init[21d(B[m[?12l[?25h[?25l(B[0;7m   19  cd Desktop[22d(B[m[?12l[?25h[?25l(B[0;7m   20  mkdir ws1[23d(B[m[?12l[?25h[?25l(B[0;7m   21  history > cmds.log[24d(B[m[?12l[?25h[?25l(B[0;7m   22  git status[25d(B[m[?12l[?25h[?25l(B[0;7m   23  cd ws1[26d(B[m[?12l[?25h[?25l(B[0;7m   24  ls[27d(B[m[?12l[?25h[?25l(B[0;7m   25  cd[28d(B[m[?12l[?25h[?25l(B[0;7m   26  cd ws1[42d(B[m[K[29d[?12l[?25h[?25l(B[0;7m   27  cd[30d(B[m[?12l[?25h[?25l(B[0;7m   28  cd cmds.log[31d(B[m[?12l[?25h[?25l(B[0;7m   29  mv cmds.log ws1[32d(B[m[?12l[?25h[?25l(B[0;7m   30  cd ws1[33d(B[m[?12l[?25h[?25l(B[0;7m   31  ls[34d(B[m[?12l[?25h[?25l(B[0;7m   32  git add ws1[35d(B[m[?12l[?25h[?25l(B[0;7m   33  ls[36d(B[m[?12l[?25h[?25l(B[0;7m   34  cd[37d(B[m[?12l[?25h[?25l(B[0;7m   35  git add ws1[38d(B[m[?12l[?25h[?25l(B[0;7m   36  ls[39d(B[m[?12l[?25h[?25l(B[0;7m   37  git status[40d(B[m[?12l[?25h[?25l(B[0;7m   38  git commit -m "Added cmds.log"[41d(B[m[?12l[?25h[?25l7[3;42r8[42d[20S[1;44r[21;1H(B[0;7m   39    git config --global user.email "you@example.com"[22;4H(B[m40    git config --global user.email "sarthak.dhomne@sjsu.edu"[23;4H41    git config --global user.name "Sarthak"[24;4H42  git commit -m "Added cmds.log"[25;4H43  git branch[26;4H44  git remote add origin https://github.com/sdh202/cs131.git[27;4H45  git branch -M main[28;4H46  git push -u origin main[29;4H47  git remote add origin https://github.com/sdh202/cs131.git[30;4H48  git branch -M main[31;4H49  git push -u origin main[32;4H50  doskey /history[33;4H51  ls[34;4H52  doskey /history[35;4H53  /history[36;4H54  /HISTORY[37;4H55  ls[38;4H56  git status[39;4H57  git add ws1[40;4H58  git status[41;4H59  ls[22d[?12l[?25h[?25l(B[0;7m   40    git config --global user.email "sarthak.dhomne@sjsu.edu"[23d(B[m[?12l[?25h[?25l(B[0;7m   41    git config --global user.name "Sarthak"[24d(B[m[?12l[?25h[?25l(B[0;7m   42  git commit -m "Added cmds.log"[25d(B[m[?12l[?25h[?25l(B[0;7m   43  git branch[26d(B[m[?12l[?25h[?25l(B[0;7m   44  git remote add origin https://github.com/sdh202/cs131.git[27d(B[m[?12l[?25h[?25l(B[0;7m   45  git branch -M main[28d(B[m[?12l[?25h[?25l(B[0;7m   46  git push -u origin main[29d(B[m[?12l[?25h[?25l(B[0;7m   47  git remote add origin https://github.com/sdh202/cs131.git[30d(B[m[?12l[?25h[?25l(B[0;7m   48  git branch -M main[31d(B[m[?12l[?25h[?25l(B[0;7m   49  git push -u origin main[32d(B[m[?12l[?25h[?25l(B[0;7m   50  doskey /history[33d(B[m[?12l[?25h[?25l(B[0;7m   51  ls[34d(B[m[?12l[?25h[?25l(B[0;7m   52  doskey /history[35d(B[m[?12l[?25h[?25l(B[0;7m   53  /history[36d(B[m[?12l[?25h[?25l(B[0;7m   54  /HISTORY[37d(B[m[?12l[?25h[?25l(B[0;7m   55  ls[38d(B[m[?12l[?25h[?25l(B[0;7m   56  git status[39d(B[m[?12l[?25h[?25l(B[0;7m   57  git add ws1[40d(B[m[?12l[?25h[?25l(B[0;7m   58  git status[41d(B[m[?12l[?25h[?25l7[3;42r8[42d[20S[1;44r[21;1H(B[0;7m   59  ls[22;4H(B[m60  cd ws1[23;4H61  ls[24;4H62  cd[25;4H63  ls[26;4H64  git commit -m "added ws1"[27;4H65  git remote add origin https://github.com/sdh202/cs131.git[28;4H66  git branch -M main[29;4H67  git push -u origin main[30;4H68  ping 172.31.197.164[31;4H69  wget www.github.com[32;4H70  ls[33;4H71  git init[34;4H72  mkdir ws1[35;4H73  git add ws1[36;4H74  history > cmds.log[37;4H75  move cmds.log ws1[38;4H76  mv cmds.log ws1[39;4H77  ls[40;4H78  wget https://s3.amazonaws.com/amazon-reviews-pds/tsv/amazon_reviews_u$[41;4H79  grep "verified" amazon_reviews_us_Books_v1_02.tsv.gz[22d[?12l[?25h[?25l(B[0;7m   60  cd ws1[23d(B[m[?12l[?25h[?25l(B[0;7m   61  ls[24d(B[m[?12l[?25h[?25l(B[0;7m   62  cd[25d(B[m[?12l[?25h[?25l(B[0;7m   63  ls[26d(B[m[?12l[?25h[?25l(B[0;7m   64  git commit -m "added ws1"[27d(B[m[?12l[?25h[?25l(B[0;7m   65  git remote add origin https://github.com/sdh202/cs131.git[28d(B[m[?12l[?25h[?25l(B[0;7m   66  git branch -M main[29d(B[m[?12l[?25h[?25l(B[0;7m   67  git push -u origin main[30d(B[m[?12l[?25h[?25l(B[0;7m   68  ping 172.31.197.164[31d(B[m[?12l[?25h[?25l(B[0;7m   69  wget www.github.com[32d(B[m[?12l[?25h[?25l(B[0;7m   70  ls[33d(B[m[?12l[?25h[?25l(B[0;7m   71  git init[34d(B[m[?12l[?25h[?25l(B[0;7m   72  mkdir ws1[35d(B[m[?12l[?25h[?25l(B[0;7m   73  git add ws1[36d(B[m[?12l[?25h[?25l(B[0;7m   74  history > cmds.log[37d(B[m[?12l[?25h[?25l(B[0;7m   75  move cmds.log ws1[38d(B[m[?12l[?25h[?25l(B[0;7m   76  mv cmds.log ws1[39d(B[m[?12l[?25h[?25l(B[0;7m   77  ls[40d(B[m[?12l[?25h[?25l(B[0;7m   78  wget https://s3.amazonaws.com/amazon-reviews-pds/tsv/amazon_reviews_u[41d(B[m[?12l[?25h[?25l7[3;42r8[42d[20S[1;44r[21;1H(B[0;7m   79  grep "verified" amazon_reviews_us_Books_v1_02.tsv.gz[22;4H(B[m80  grep "verified[23;4H81  grep "verified"[24;4H82  grep "verified" amazon_reviews_us_Books_v1_02.tsv[25;4H83  amazon_reviews_us_Books_v1_02.tsv.gz[26;4H84  ls[27;4H85  cd amazon_reviews_us_Books_v1_02.tsv.gz[28;4H86  grep "verified" amazon_reviews_us_Books_v1_02.tsv.gz[29;4H87  grep -n "verified" amazon_reviews_us_Books_v1_02.tsv.gz[30;4H88  grep -n "e" amazon_reviews_us_Books_v1_02.tsv.gz[31;4H89  grep -n "unverified" amazon_reviews_us_Books_v1_02.tsv.gz[32;4H90  grep "unverified" amazon_reviews_us_Books_v1_02.tsv.gz[33;4H91  grep -c "verified" amazon_reviews_us_Books_v1_02.tsv.gz[34;4H92  grep "verified" amazon_reviews_us_Books_v1_02.tsv.gz[35;4H93  grep "a" amazon_reviews_us_Books_v1_02.tsv.gz[36;4H94  grep -a "verified" amazon_reviews_us_Books_v1_02.tsv.gz[37;4H95  grep verified amazon_reviews_us_Books_v1_02.tsv.gz[38;4H96  grep -a verified amazon_reviews_us_Books_v1_02.tsv.gz[39;4H97  grep -a unverified amazon_reviews_us_Books_v1_02.tsv.gz[40;4H98  zgrep verified amazon_reviews_us_Books_v1_02.tsv.gz[41;4H99  zgrep "verified" amazon_reviews_us_Books_v1_02.tsv.gz[22d[?12l[?25h[?25l(B[0;7m   80  grep "verified[23d(B[m[?12l[?25h[?25l(B[0;7m   81  grep "verified"[24d(B[m[?12l[?25h[?25l(B[0;7m   82  grep "verified" amazon_reviews_us_Books_v1_02.tsv[25d(B[m[?12l[?25h[?25l(B[0;7m   83  amazon_reviews_us_Books_v1_02.tsv.gz[26d(B[m[?12l[?25h[?25l(B[0;7m   84  ls[27d(B[m[?12l[?25h[?25l(B[0;7m   85  cd amazon_reviews_us_Books_v1_02.tsv.gz[28d(B[m[?12l[?25h[?25l(B[0;7m   86  grep "verified" amazon_reviews_us_Books_v1_02.tsv.gz[29d(B[m[?12l[?25h[?25l(B[0;7m   87  grep -n "verified" amazon_reviews_us_Books_v1_02.tsv.gz[30d(B[m[?12l[?25h[?25l(B[0;7m   88  grep -n "e" amazon_reviews_us_Books_v1_02.tsv.gz[31d(B[m[?12l[?25h[?25l(B[0;7m   89  grep -n "unverified" amazon_reviews_us_Books_v1_02.tsv.gz[32d(B[m[?12l[?25h[?25l(B[0;7m   90  grep "unverified" amazon_reviews_us_Books_v1_02.tsv.gz[33d(B[m[?12l[?25h[?25l(B[0;7m   91  grep -c "verified" amazon_reviews_us_Books_v1_02.tsv.gz[34d(B[m[?12l[?25h[?25l(B[0;7m   92  grep "verified" amazon_reviews_us_Books_v1_02.tsv.gz[35d(B[m[?12l[?25h[?25l(B[0;7m   93  grep "a" amazon_reviews_us_Books_v1_02.tsv.gz[36d   94  grep -a "verified" amazon_reviews_us_Books_v1_02.tsv.gz[37d(B[m[?12l[?25h[?25l(B[0;7m   95  grep verified amazon_reviews_us_Books_v1_02.tsv.gz[38d(B[m[?12l[?25h[?25l(B[0;7m   96  grep -a verified amazon_reviews_us_Books_v1_02.tsv.gz[39d(B[m[?12l[?25h[?25l(B[0;7m   97  grep -a unverified amazon_reviews_us_Books_v1_02.tsv.gz[40d(B[m[?12l[?25h[?25l(B[0;7m   98  zgrep verified amazon_reviews_us_Books_v1_02.tsv.gz[41d(B[m[?12l[?25h[?25l7[3;42r8[42d[20S[1;44r[21;1H(B[0;7m   99  zgrep "verified" amazon_reviews_us_Books_v1_02.tsv.gz[22;3H(B[m100  wget https://s3.amazonaws.com/amazon-reviews-pds/tsv/amazon_reviews_u$[23;3H101  extract amazon_reviews_us_Books_v1_02.tsv.gz[24;3H102  tar xvf amazon_reviews_us_Books_v1_02.tsv.gz[25;3H103  ls[26;3H104  tar zxvf amazon_reviews_us_Books_v1_02.tsv.gz[27;3H105  unzip amazon_reviews_us_Books_v1_02.tsv.gz[28;3H106  extract amazon_reviews_us_Books_v1_02.tsv.gz[29;3H107  gunzip amazon_reviews_us_Books_v1_02.tsv.gz[30;3H108  ls[31;3H109  grep "verified" amazon_reviews_us_Books_v1_02.tsv[32;3H110  grep -e "verified" amazon_reviews_us_Books_v1_02.tsv[33;3H111  grep -n "verified" amazon_reviews_us_Books_v1_02.tsv[34;3H112  grep -E "verified" amazon_reviews_us_Books_v1_02.tsv[35;3H113  cat amazon_reviews_us_Books_v1_02.tsv[36;3H114  grep -E "unverified" amazon_reviews_us_Books_v1_02.tsv[37;3H115  grep -n 'verified' amazon_reviews_us_Books_v1_02.tsv[38;3H116  grep -E -w "verified" amazon_reviews_us_Books_v1_02.tsv[39;3H117  grep -w "verified" amazon_reviews_us_Books_v1_02.tsv[40;3H118  grep -h "verified" amazon_reviews_us_Books_v1_02.tsv[41;3H119  grep -e "unverified" amazon_reviews_us_Books_v1_02.tsv[22d[?12l[?25h[?25l(B[0;7m  100  wget https://s3.amazonaws.com/amazon-reviews-pds/tsv/amazon_reviews_u[23d(B[m[?12l[?25h[?25l(B[0;7m  101  extract amazon_reviews_us_Books_v1_02.tsv.gz[24d(B[m[?12l[?25h[?25l(B[0;7m  102  tar xvf amazon_reviews_us_Books_v1_02.tsv.gz[25d(B[m[?12l[?25h[?25l(B[0;7m  103  ls[26d(B[m[?12l[?25h[?25l(B[0;7m  104  tar zxvf amazon_reviews_us_Books_v1_02.tsv.gz[27d(B[m[?12l[?25h[?25l(B[0;7m  105  unzip amazon_reviews_us_Books_v1_02.tsv.gz[28d(B[m[?12l[?25h[?25l(B[0;7m  106  extract amazon_reviews_us_Books_v1_02.tsv.gz[29d(B[m[?12l[?25h[?25l(B[0;7m  107  gunzip amazon_reviews_us_Books_v1_02.tsv.gz[30d(B[m[?12l[?25h[?25l(B[0;7m  108  ls[31d(B[m[?12l[?25h[?25l(B[0;7m  109  grep "verified" amazon_reviews_us_Books_v1_02.tsv[32d(B[m[?12l[?25h[?25l(B[0;7m  110  grep -e "verified" amazon_reviews_us_Books_v1_02.tsv[33d(B[m[?12l[?25h[?25l(B[0;7m  111  grep -n "verified" amazon_reviews_us_Books_v1_02.tsv[34d(B[m[?12l[?25h[?25l(B[0;7m  112  grep -E "verified" amazon_reviews_us_Books_v1_02.tsv[35d(B[m[?12l[?25h[?25l(B[0;7m  113  cat amazon_reviews_us_Books_v1_02.tsv[36d(B[m[?12l[?25h[?25l(B[0;7m  114  grep -E "unverified" amazon_reviews_us_Books_v1_02.tsv[37d(B[m[?12l[?25h[?25l(B[0;7m  115  grep -n 'verified' amazon_reviews_us_Books_v1_02.tsv[38d(B[m[?12l[?25h[?25l(B[0;7m  116  grep -E -w "verified" amazon_reviews_us_Books_v1_02.tsv[39d(B[m[?12l[?25h[?25l(B[0;7m  117  grep -w "verified" amazon_reviews_us_Books_v1_02.tsv[40d(B[m[?12l[?25h[?25l(B[0;7m  118  grep -h "verified" amazon_reviews_us_Books_v1_02.tsv[41d(B[m[?12l[?25h[?25l7[3;42r8[42d[20S[1;44r[21;1H(B[0;7m  119  grep -e "unverified" amazon_reviews_us_Books_v1_02.tsv[22;3H(B[m120  grep -e "verified" amazon_reviews_us_Books_v1_02.tsv[23;3H121  grep -w "verified" amazon_reviews_us_Books_v1_02.tsv[24;3H122  grep -w "unverified" amazon_reviews_us_Books_v1_02.tsv[25;3H123  cat amazon_reviews_us_Books_v1_02.tsv | head -n 1[26;3H124  cat amazon_reviews_us_Books_v1_02.tsv | head -n 10[27;3H125  view amazon_reviews_us_Books_v1_02.tsv[28;3H126  grep -w "T" amazon_reviews_us_Books_v1_02.tsv[29;3H127  marketplace     customer_id     review_id[56Gproduct_id[72Gprodu$[30;3H128  grep -w 'N'.(\t).'Y' amazon_reviews_us_Books_v1_02.tsv[31;3H129  grep -w 'N'.\t.'Y' amazon_reviews_us_Books_v1_02.tsv[32;3H130  grep -E 'N'.\t.'Y' amazon_reviews_us_Books_v1_02.tsv[33;3H131  grep -E -w 'N'.\t.'Y' amazon_reviews_us_Books_v1_02.tsv[34;3H132  egrep -w 'N'.\t.'Y' amazon_reviews_us_Books_v1_02.tsv[35;3H133  egrep -w "N"."\t"."Y" amazon_reviews_us_Books_v1_02.tsv[36;3H134  egrep -w "N"."\t" amazon_reviews_us_Books_v1_02.tsv[37;3H135  egrep -w "N	 N" amazon_reviews_us_Books_v1_02.tsv[38;3H136  egrep -w "N	 Y" amazon_reviews_us_Books_v1_02.tsv[39;3H137  egrep "N[23GY" amazon_reviews_us_Books_v1_02.tsv[40;3H138  egrep "Y[23GY" amazon_reviews_us_Books_v1_02.tsv[41;3H139  egrep "Y[23G" amazon_reviews_us_Books_v1_02.tsv[22d[?12l[?25h[?25l(B[0;7m  120  grep -e "verified" amazon_reviews_us_Books_v1_02.tsv[23d(B[m[?12l[?25h[?25l(B[0;7m  121  grep -w "verified" amazon_reviews_us_Books_v1_02.tsv[24d(B[m[?12l[?25h[?25l(B[0;7m  122  grep -w "unverified" amazon_reviews_us_Books_v1_02.tsv[25d(B[m[?12l[?25h[?25l(B[0;7m  123  cat amazon_reviews_us_Books_v1_02.tsv | head -n 1[26d(B[m[?12l[?25h[?25l(B[0;7m  124  cat amazon_reviews_us_Books_v1_02.tsv | head -n 10[27d(B[m[?12l[?25h[?25l(B[0;7m  125  view amazon_reviews_us_Books_v1_02.tsv[28d(B[m[?12l[?25h[?25l(B[0;7m  126  grep -w "T" amazon_reviews_us_Books_v1_02.tsv[29d(B[m[?12l[?25h[?25l(B[0;7m  127  marketplace     customer_id     review_id       product_id      produ[30d(B[m[?12l[?25h[?25l(B[0;7m  128  grep -w 'N'.(\t).'Y' amazon_reviews_us_Books_v1_02.tsv[31d(B[m[?12l[?25h[?25l(B[0;7m  129  grep -w 'N'.\t.'Y' amazon_reviews_us_Books_v1_02.tsv[32d(B[m[?12l[?25h[?25l(B[0;7m  130  grep -E 'N'.\t.'Y' amazon_reviews_us_Books_v1_02.tsv[33d(B[m[?12l[?25h[?25l(B[0;7m  131  grep -E -w 'N'.\t.'Y' amazon_reviews_us_Books_v1_02.tsv[34d(B[m[?12l[?25h[?25l(B[0;7m  132  egrep -w 'N'.\t.'Y' amazon_reviews_us_Books_v1_02.tsv[35d(B[m[?12l[?25h[?25l(B[0;7m  133  egrep -w "N"."\t"."Y" amazon_reviews_us_Books_v1_02.tsv[36d(B[m[?12l[?25h[?25l(B[0;7m  134  egrep -w "N"."\t" amazon_reviews_us_Books_v1_02.tsv[37d(B[m[?12l[?25h[?25l(B[0;7m  135  egrep -w "N       N" amazon_reviews_us_Books_v1_02.tsv[38d(B[m[?12l[?25h[?25l(B[0;7m  136  egrep -w "N       Y" amazon_reviews_us_Books_v1_02.tsv[39d(B[m[?12l[?25h[?25l(B[0;7m  137  egrep "N       Y" amazon_reviews_us_Books_v1_02.tsv[40d(B[m[?12l[?25h[?25l(B[0;7m  138  egrep "Y       Y" amazon_reviews_us_Books_v1_02.tsv[41d(B[m[?12l[?25h[?25l7[3;42r8[42d[20S[1;44r[21;1H(B[0;7m  139  egrep "Y       " amazon_reviews_us_Books_v1_02.tsv[22;3H(B[m140  egrep "N."	"."Y" amazon_reviews_us_Books_v1_02.tsv[23;3H141  grep "Y[21GY " amazon_reviews_us_Books_v1_02.tsv[24;3H142  grep "Y[21GY" amazon_reviews_us_Books_v1_02.tsv[25;3H143  grep "Y/tY" amazon_reviews_us_Books_v1_02.tsv[26;3H144  egrep "Y/tY" amazon_reviews_us_Books_v1_02.tsv[27;3H145  grep -E "Y/tY" amazon_reviews_us_Books_v1_02.tsv[28;3H146  grep -E "Y/t" amazon_reviews_us_Books_v1_02.tsv[29;3H147  grep -E "Y\tY" amazon_reviews_us_Books_v1_02.tsv[30;3H148  grep  "Y\tY" amazon_reviews_us_Books_v1_02.tsv[31;3H149  grep  "N\tY" amazon_reviews_us_Books_v1_02.tsv[32;3H150  grep -E "N\tY" amazon_reviews_us_Books_v1_02.tsv[33;3H151  grep -E "Y[[:space:]]\+Y" amazon_reviews_us_Books_v1_02.tsv[34;3H152  grep -E "N[[:space:]]\+N" amazon_reviews_us_Books_v1_02.tsv[35;3H153  grep -E "N\tN" amazon_reviews_us_Books_v1_02.tsv[36;3H154  grep -E "N" amazon_reviews_us_Books_v1_02.tsv[37;3H155  grep -E "N\t" amazon_reviews_us_Books_v1_02.tsv[38;3H156  grep -E -w "N\t" amazon_reviews_us_Books_v1_02.tsv[39;3H157  grep -E -w "N\tN" amazon_reviews_us_Books_v1_02.tsv[40;3H158  grep -E "N	N" amazon_reviews_us_Books_v1_02.tsv[41;3H159  grep -E -w "N	   N" amazon_reviews_us_Books_v1_02.tsv[22d[?12l[?25h[?25l(B[0;7m  140  egrep "N."       "."Y" amazon_reviews_us_Books_v1_02.tsv[23d(B[m[?12l[?25h[?25l(B[0;7m  141  grep "Y      Y " amazon_reviews_us_Books_v1_02.tsv[24d(B[m[?12l[?25h[?25l(B[0;7m  142  grep "Y      Y" amazon_reviews_us_Books_v1_02.tsv[25d(B[m[?12l[?25h[?25l(B[0;7m  143  grep "Y/tY" amazon_reviews_us_Books_v1_02.tsv[26d(B[m[?12l[?25h[?25l(B[0;7m  144  egrep "Y/tY" amazon_reviews_us_Books_v1_02.tsv[27d(B[m[?12l[?25h[?25l(B[0;7m  145  grep -E "Y/tY" amazon_reviews_us_Books_v1_02.tsv[28d(B[m[?12l[?25h[?25l(B[0;7m  146  grep -E "Y/t" amazon_reviews_us_Books_v1_02.tsv[29d(B[m[?12l[?25h[?25l(B[0;7m  147  grep -E "Y\tY" amazon_reviews_us_Books_v1_02.tsv[30d(B[m[?12l[?25h[?25l(B[0;7m  148  grep  "Y\tY" amazon_reviews_us_Books_v1_02.tsv[31d(B[m[?12l[?25h[?25l(B[0;7m  149  grep  "N\tY" amazon_reviews_us_Books_v1_02.tsv[32d(B[m[?12l[?25h[?25l(B[0;7m  150  grep -E "N\tY" amazon_reviews_us_Books_v1_02.tsv[33d(B[m[?12l[?25h[?25l(B[0;7m  151  grep -E "Y[[:space:]]\+Y" amazon_reviews_us_Books_v1_02.tsv[34d(B[m[?12l[?25h[?25l(B[0;7m  152  grep -E "N[[:space:]]\+N" amazon_reviews_us_Books_v1_02.tsv[35d(B[m[?12l[?25h[?25l(B[0;7m  153  grep -E "N\tN" amazon_reviews_us_Books_v1_02.tsv[36d(B[m[?12l[?25h[?25l(B[0;7m  154  grep -E "N" amazon_reviews_us_Books_v1_02.tsv[37d(B[m[?12l[?25h[?25l(B[0;7m  155  grep -E "N\t" amazon_reviews_us_Books_v1_02.tsv[38d(B[m[?12l[?25h[?25l(B[0;7m  156  grep -E -w "N\t" amazon_reviews_us_Books_v1_02.tsv[39d(B[m[?12l[?25h[?25l(B[0;7m  157  grep -E -w "N\tN" amazon_reviews_us_Books_v1_02.tsv[40d(B[m[?12l[?25h[?25l(B[0;7m  158  grep -E "N       N" amazon_reviews_us_Books_v1_02.tsv[41d(B[m[?12l[?25h[?25l7[3;42r8[42d[20S[1;44r[21;1H(B[0;7m  159  grep -E -w "N       N" amazon_reviews_us_Books_v1_02.tsv[22;3H(B[m160  grep -E -w "N[[:space:]]\+N" amazon_reviews_us_Books_v1_02.tsv[23;3H161  grep -E "N[[:space:]]\+N" amazon_reviews_us_Books_v1_02.tsv[24;3H162  grep -w "N[[:space:]]\+N" amazon_reviews_us_Books_v1_02.tsv[25;3H163  grep -w "N\tN" amazon_reviews_us_Books_v1_02.tsv[26;3H164  grep -w "N[[:\t:]]\+N" amazon_reviews_us_Books_v1_02.ts[27;3H165  grep -w "N\tN" amazon_reviews_us_Books_v1_02.tsv[28;3H166  grep -w "N[[:\t:]]\+N" amazon_reviews_us_Books_v1_02.tsv[29;3H167  grep -w "N[[:space:]]\+Y" amazon_reviews_us_Books_v1_02.tsv[30;3H168  wget https://s3.amazonaws.com/amazon-reviews-pds/tsv/amazon_reviews_u$[31;3H169  gunzip https://s3.amazonaws.com/amazon-reviews-pds/tsv/amazon_reviews$[32;3H170  ls[33;3H171  gunzip amazon_reviews_us_Books_v1_02.tsv.gz[34;3H172  ls[35;3H173  grep -E "[1-3]\t[NY]" amazon_reviews_us_Books_v1_02.tsv[36;3H174  grep -E "[NY]\t[NY]*" amazon_reviews_us_Books_v1_02.tsv[37;3H175  grep -E "[0-500]\t[NY]\t[NY]" amazon_reviews_us_Books_v1_02.tsv[38;3H176  grep -E "[0-500]\t" amazon_reviews_us_Books_v1_02.tsv[39;3H177  grep -E "[0-500]/t" amazon_reviews_us_Books_v1_02.tsv[40;3H178  grep -E "[0-500]\t" amazon_reviews_us_Books_v1_02.tsv[41;3H179  egrep $'[0-500]\011Y' amazon_reviews_us_Books_v1_02.tsv[22d[?12l[?25h[?25l(B[0;7m  160  grep -E -w "N[[:space:]]\+N" amazon_reviews_us_Books_v1_02.tsv[23d(B[m[?12l[?25h[?25l(B[0;7m  161  grep -E "N[[:space:]]\+N" amazon_reviews_us_Books_v1_02.tsv[24d(B[m[?12l[?25h[?25l(B[0;7m  162  grep -w "N[[:space:]]\+N" amazon_reviews_us_Books_v1_02.tsv[25d(B[m[?12l[?25h[?25l(B[0;7m  163  grep -w "N\tN" amazon_reviews_us_Books_v1_02.tsv[26d(B[m[?12l[?25h[?25l(B[0;7m  164  grep -w "N[[:\t:]]\+N" amazon_reviews_us_Books_v1_02.ts[27d(B[m[?12l[?25h[?25l(B[0;7m  165  grep -w "N\tN" amazon_reviews_us_Books_v1_02.tsv[28d(B[m[?12l[?25h[?25l(B[0;7m  166  grep -w "N[[:\t:]]\+N" amazon_reviews_us_Books_v1_02.tsv[29d(B[m[?12l[?25h[?25l(B[0;7m  167  grep -w "N[[:space:]]\+Y" amazon_reviews_us_Books_v1_02.tsv[30d(B[m[?12l[?25h[?25l(B[0;7m  168  wget https://s3.amazonaws.com/amazon-reviews-pds/tsv/amazon_reviews_u[31d(B[m[?12l[?25h[?25l(B[0;7m  169  gunzip https://s3.amazonaws.com/amazon-reviews-pds/tsv/amazon_reviews[32d(B[m[?12l[?25h[?25l(B[0;7m  170  ls[33d(B[m[?12l[?25h[?25l(B[0;7m  171  gunzip amazon_reviews_us_Books_v1_02.tsv.gz[34d(B[m[?12l[?25h[?25l(B[0;7m  172  ls[35d(B[m[?12l[?25h[?25l(B[0;7m  173  grep -E "[1-3]\t[NY]" amazon_reviews_us_Books_v1_02.tsv[36d(B[m[?12l[?25h[?25l(B[0;7m  174  grep -E "[NY]\t[NY]*" amazon_reviews_us_Books_v1_02.tsv[37d(B[m[?12l[?25h[?25l(B[0;7m  175  grep -E "[0-500]\t[NY]\t[NY]" amazon_reviews_us_Books_v1_02.tsv[38d(B[m[?12l[?25h[?25l(B[0;7m  176  grep -E "[0-500]\t" amazon_reviews_us_Books_v1_02.tsv[39d(B[m[?12l[?25h[?25l(B[0;7m  177  grep -E "[0-500]/t" amazon_reviews_us_Books_v1_02.tsv[40d(B[m[?12l[?25h[?25l(B[0;7m  178  grep -E "[0-500]\t" amazon_reviews_us_Books_v1_02.tsv[41d(B[m[?12l[?25h[?25l7[3;42r8[42d[20S[1;44r[21;1H(B[0;7m  179  egrep $'[0-500]\011Y' amazon_reviews_us_Books_v1_02.tsv[22;3H(B[m180  egrep $'[0-500]\011[YN]\011[YN]' amazon_reviews_us_Books_v1_02.tsv[23;3H181  egrep $'[0-500]\011[YN]\011[Y]' amazon_reviews_us_Books_v1_02.tsv[24;3H182  egrep $'[0-500]\011[YN]\011[N]' amazon_reviews_us_Books_v1_02.tsv[25;3H183  wc -l $'[0-500]\011[YN]\011[Y]' amazon_reviews_us_Books_v1_02.tsv[26;3H184  wc $'[0-500]\011[YN]\011[Y]' amazon_reviews_us_Books_v1_02.tsv[27;3H185  wc -l '[0-500]\t[YN]\t[Y]' amazon_reviews_us_Books_v1_02.tsv[28;3H186  wc $'[0-500]\011[YN]\011[Y]' amazon_reviews_us_Books_v1_02.tsv[29;3H187  egrep -c $'[0-500]\011[YN]\011[Y]' amazon_reviews_us_Books_v1_02.tsv[30;3H188  egrep -c $'[0-500]\011[YN]\011[N]' amazon_reviews_us_Books_v1_02.tsv[31;3H189  egrep '[0-500]\s+[YN]\s+[N]' amazon_reviews_us_Books_v1_02.tsv[32;3H190  egrep -c '[0-500]\s+[YN]\s+[N]' amazon_reviews_us_Books_v1_02.tsv[33;3H191  touch counts.txt[34;3H192  catamazon_reviews_us_Books_v1_02.tsv[35;3H193  cat amazon_reviews_us_Books_v1_02.tsv|egrep $'[0-500]\011[YN]\011[Y]'$[36;3H194  cat amazon_reviews_us_Books_v1_02.tsv|egrep $'[0-500]\011[YN]\011[N]'$[37;3H195  git add ws2[38;3H196  touch ws2[39;3H197  git add ws2[40;3H198  history > cmds.log[41;3H199  git add cmds.log[22d[?12l[?25h[?25l(B[0;7m  180  egrep $'[0-500]\011[YN]\011[YN]' amazon_reviews_us_Books_v1_02.tsv[23d(B[m[?12l[?25h[?25l(B[0;7m  181  egrep $'[0-500]\011[YN]\011[Y]' amazon_reviews_us_Books_v1_02.tsv[24d(B[m[?12l[?25h[?25l(B[0;7m  182  egrep $'[0-500]\011[YN]\011[N]' amazon_reviews_us_Books_v1_02.tsv[25d(B[m[?12l[?25h[?25l(B[0;7m  183  wc -l $'[0-500]\011[YN]\011[Y]' amazon_reviews_us_Books_v1_02.tsv[26d(B[m[?12l[?25h[?25l(B[0;7m  184  wc $'[0-500]\011[YN]\011[Y]' amazon_reviews_us_Books_v1_02.tsv[27d(B[m[?12l[?25h[?25l(B[0;7m  185  wc -l '[0-500]\t[YN]\t[Y]' amazon_reviews_us_Books_v1_02.tsv[28d(B[m[?12l[?25h[?25l(B[0;7m  186  wc $'[0-500]\011[YN]\011[Y]' amazon_reviews_us_Books_v1_02.tsv[29d(B[m[?12l[?25h[?25l(B[0;7m  187  egrep -c $'[0-500]\011[YN]\011[Y]' amazon_reviews_us_Books_v1_02.tsv[30d(B[m[?12l[?25h[?25l(B[0;7m  188  egrep -c $'[0-500]\011[YN]\011[N]' amazon_reviews_us_Books_v1_02.tsv[31d(B[m[?12l[?25h[?25l(B[0;7m  189  egrep '[0-500]\s+[YN]\s+[N]' amazon_reviews_us_Books_v1_02.tsv[32d(B[m[?12l[?25h[?25l(B[0;7m  190  egrep -c '[0-500]\s+[YN]\s+[N]' amazon_reviews_us_Books_v1_02.tsv[33d(B[m[?12l[?25h[?25l(B[0;7m  191  touch counts.txt[34d(B[m[?12l[?25h[?25l(B[0;7m  192  catamazon_reviews_us_Books_v1_02.tsv[35d(B[m[?12l[?25h[?25l(B[0;7m  193  cat amazon_reviews_us_Books_v1_02.tsv|egrep $'[0-500]\011[YN]\011[Y]'[36d(B[m[?12l[?25h[?25l(B[0;7m  194  cat amazon_reviews_us_Books_v1_02.tsv|egrep $'[0-500]\011[YN]\011[N]'[37d(B[m[?12l[?25h[?25l(B[0;7m  195  git add ws2[38d(B[m[?12l[?25h[?25l(B[0;7m  196  touch ws2[39d(B[m[?12l[?25h[?25l(B[0;7m  197  git add ws2[40d(B[m[?12l[?25h[?25l(B[0;7m  198  history > cmds.log[41d(B[m[?12l[?25h[?25l7[3;42r8[42d[20S[1;44r[21;1H(B[0;7m  199  git add cmds.log[22;3H(B[m200  git status[23;3H201  mv cmds.log ws2[24;3H202  mv counts.txt ws2[25;3H203  git status[26;3H204  git commit -m "Added ws2"[27;3H205  git push origin main[28;3H206  mkdir ws2[29;3H207  ls[30;3H208  cd ws2[31;3H209  mkdir ws2[32;3H210  del ws2[33;3H211  rm ws2[34;3H212  ls[35;3H213  mkdir ws2[36;3H214  ls[37;3H215  git add ws2[38;3H216  mv cmds.log ws2[39;3H217  ls[40;3H218  ls cmds.log[41;3H219  git status[22d[?12l[?25h[?25l(B[0;7m  200  git status[23d(B[m[?12l[?25h[?25l(B[0;7m  201  mv cmds.log ws2[24d(B[m[?12l[?25h[?25l(B[0;7m  202  mv counts.txt ws2[25d(B[m[?12l[?25h[?25l(B[0;7m  203  git status[26d(B[m[?12l[?25h[?25l(B[0;7m  204  git commit -m "Added ws2"[27d(B[m[?12l[?25h[?25l(B[0;7m  205  git push origin main[28d(B[m[?12l[?25h[?25l(B[0;7m  206  mkdir ws2[29d(B[m[?12l[?25h[?25l(B[0;7m  207  ls[30d(B[m[?12l[?25h[?25l(B[0;7m  208  cd ws2[31d(B[m[?12l[?25h[?25l(B[0;7m  209  mkdir ws2[32d(B[m[?12l[?25h[?25l(B[0;7m  210  del ws2[33d(B[m[?12l[?25h[?25l(B[0;7m  211  rm ws2[34d(B[m[?12l[?25h[?25l(B[0;7m  212  ls[35d(B[m[?12l[?25h[?25l(B[0;7m  213  mkdir ws2[36d(B[m[?12l[?25h[?25l(B[0;7m  214  ls[37d(B[m[?12l[?25h[?25l(B[0;7m  215  git add ws2[38d(B[m[?12l[?25h[?25l(B[0;7m  216  mv cmds.log ws2[39d(B[m[?12l[?25h[?25l(B[0;7m  217  ls[40d(B[m[?12l[?25h[?25l(B[0;7m  218  ls cmds.log[41d(B[m[?12l[?25h[?25l7[3;42r8[42d[20S[1;44r[21;1H(B[0;7m  219  git status[22;3H(B[m220  ls[23;3H221  history > cmds.log[24;3H222  ls[25;3H223  mv cmds.log ws2[26;3H224  mv counts.txt ws2[27;3H225  cat amazon_reviews_us_Books_v1_02.tsv|egrep $'[0-500]\011[YN]\011[N]'$[28;3H226  touch counts.txt[29;3H227  mv counts.txt ws2[30;3H228  git status[31;3H229  ls[32;3H230  ls ws2[33;3H231  git commit -m "ws2"[34;3H232  git push origin main[35;3H233  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[36;3H234  git push origin main[37;3H235  cat amazon_reviews_us_Books_v1_02.tsv -head[38;3H236  cat -head amazon_reviews_us_Books_v1_02.tsv -head[39;3H237  head amazon_reviews_us_Books_v1_02.tsv[40;3H238  cut -f2 amazon_reviews_us_Books_v1_02.tsv | sort | uniq -c | sort -rn[41;3H239  man cut[22d[?12l[?25h[?25l(B[0;7m  220  ls[23d(B[m[?12l[?25h[?25l(B[0;7m  221  history > cmds.log[24d(B[m[?12l[?25h[?25l(B[0;7m  222  ls[25d(B[m[?12l[?25h[?25l(B[0;7m  223  mv cmds.log ws2[26d(B[m[?12l[?25h[?25l(B[0;7m  224  mv counts.txt ws2[27d(B[m[?12l[?25h[?25l(B[0;7m  225  cat amazon_reviews_us_Books_v1_02.tsv|egrep $'[0-500]\011[YN]\011[N]'[28d(B[m[?12l[?25h[?25l(B[0;7m  226  touch counts.txt[29d(B[m[?12l[?25h[?25l(B[0;7m  227  mv counts.txt ws2[30d(B[m[?12l[?25h[?25l(B[0;7m  228  git status[31d(B[m[?12l[?25h[?25l(B[0;7m  229  ls[32d(B[m[?12l[?25h[?25l(B[0;7m  230  ls ws2[33d(B[m[?12l[?25h[?25l(B[0;7m  231  git commit -m "ws2"[34d(B[m[?12l[?25h[?25l(B[0;7m  232  git push origin main[35d(B[m[?12l[?25h[?25l(B[0;7m  233  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[36d(B[m[?12l[?25h[?25l(B[0;7m  234  git push origin main[37d(B[m[?12l[?25h[?25l(B[0;7m  235  cat amazon_reviews_us_Books_v1_02.tsv -head[38d(B[m[?12l[?25h[?25l(B[0;7m  236  cat -head amazon_reviews_us_Books_v1_02.tsv -head[39d(B[m[?12l[?25h[?25l(B[0;7m  237  head amazon_reviews_us_Books_v1_02.tsv[40d(B[m[?12l[?25h[?25l(B[0;7m  238  cut -f2 amazon_reviews_us_Books_v1_02.tsv | sort | uniq -c | sort -rn[41d(B[m[?12l[?25h[?25l7[3;42r8[42d[20S[1;44r[21;1H(B[0;7m  239  man cut[22;3H(B[m240  cut -f2 amazon_reviews_us_Books_v1_02.tsv | sort | uniq -c | sort -rn$[23;3H241  cut -f2 amazon_reviews_us_Books_v1_02.tsv | sort | uniq -c | sort -rn$[24;3H242  cut -f4 amazon_reviews_us_Books_v1_02.tsv | sort | uniq -c | sort -rn$[25;3H243  cut -f6 amazon_reviews_us_Books_v1_02.tsv | sort | uniq -c | sort -rn$[26;3H244  cut -f5 amazon_reviews_us_Books_v1_02.tsv | sort | uniq -c | sort -rn$[27;3H245  cut -f2 amazon_reviews_us_Books_v1_02.tsv | sort | uniq -c | sort -rn$[28;3H246  cut -f4 amazon_reviews_us_Books_v1_02.tsv | sort | uniq -c | sort -rn$[29;3H247  cut -f2 amazon_reviews_us_Books_v1_02.tsv | sort | uniq -c | sort -rn$[30;3H248  cut -f4 amazon_reviews_us_Books_v1_02.tsv | sort | uniq -c | sort -rn$[31;3H249  cat ws3.txt[32;3H250  mv ws3.txt ws3[33;3H251  history > cmds.log[34;3H252  ls[35;3H253  mv cmds.log ws3[36;3H254  ls ws3[37;3H255  cat cmds.log[38;3H256  cd ws3[39;3H257  cat cmds.log[40;3H258  vi cmds.log[41;3H259  ls[22d[?12l[?25h[?25l(B[0;7m  240  cut -f2 amazon_reviews_us_Books_v1_02.tsv | sort | uniq -c | sort -rn[23d(B[m[?12l[?25h[?25l(B[0;7m  241  cut -f2 amazon_reviews_us_Books_v1_02.tsv | sort | uniq -c | sort -rn[24d(B[m[?12l[?25h[?25l(B[0;7m  242  cut -f4 amazon_reviews_us_Books_v1_02.tsv | sort | uniq -c | sort -rn[25d(B[m[?12l[?25h[?25l(B[0;7m  243  cut -f6 amazon_reviews_us_Books_v1_02.tsv | sort | uniq -c | sort -rn[26d(B[m[?12l[?25h[?25l(B[0;7m  244  cut -f5 amazon_reviews_us_Books_v1_02.tsv | sort | uniq -c | sort -rn[27d(B[m[?12l[?25h[?25l(B[0;7m  245  cut -f2 amazon_reviews_us_Books_v1_02.tsv | sort | uniq -c | sort -rn[28d(B[m[?12l[?25h[?25l(B[0;7m  246  cut -f4 amazon_reviews_us_Books_v1_02.tsv | sort | uniq -c | sort -rn[29d(B[m[?12l[?25h[?25l(B[0;7m  247  cut -f2 amazon_reviews_us_Books_v1_02.tsv | sort | uniq -c | sort -rn[30d(B[m[?12l[?25h[?25l(B[0;7m  248  cut -f4 amazon_reviews_us_Books_v1_02.tsv | sort | uniq -c | sort -rn[31d(B[m[?12l[?25h[?25l(B[0;7m  249  cat ws3.txt[32d(B[m[?12l[?25h[?25l(B[0;7m  250  mv ws3.txt ws3[33d(B[m[?12l[?25h[?25l(B[0;7m  251  history > cmds.log[34d(B[m[?12l[?25h[?25l(B[0;7m  252  ls[35d(B[m[?12l[?25h[?25l(B[0;7m  253  mv cmds.log ws3[36d(B[m[?12l[?25h[?25l(B[0;7m  254  ls ws3[37d(B[m[?12l[?25h[?25l(B[0;7m  255  cat cmds.log[38d(B[m[?12l[?25h[?25l(B[0;7m  256  cd ws3[39d(B[m[?12l[?25h[?25l(B[0;7m  257  cat cmds.log[40d(B[m[?12l[?25h[?25l(B[0;7m  258  vi cmds.log[41d(B[m[?12l[?25h[?25l7[3;42r8[42d[20S[1;44r[21;1H(B[0;7m  259  ls[22;3H(B[m260  cd[23;3H261  ls[24;3H262  cd ws3[25;3H263  vi ws3.txt[26;3H264  cat ws3.txt[27;3H265  vi cmds.log[28;3H266  ls[29;3H267  ls ws3[30;3H268  vi cmds.log[31;3H269  cat ws3.txt[32;3H270  cd ws3[33;3H271  ls[34;3H272  cat cmds.log[35;3H273  cat ws3.txt[36;3H274  vi cmds.log[37;3H275  vi ws3.txt[38;3H276  grep 0525947647 amazon_reviews_us_Books_v1_02.tsv[39;3H277  cd[40;3H278  grep 0525947647 amazon_reviews_us_Books_v1_02.tsv[41;3H279  cd ws3[22d[?12l[?25h[?25l(B[0;7m  260  cd[23d(B[m[?12l[?25h[?25l(B[0;7m  261  ls[24d(B[m[?12l[?25h[?25l(B[0;7m  262  cd ws3[25d(B[m[?12l[?25h[?25l(B[0;7m  263  vi ws3.txt[26d(B[m[?12l[?25h[?25l(B[0;7m  264  cat ws3.txt[27d(B[m[?12l[?25h[?25l(B[0;7m  265  vi cmds.log[28d(B[m[?12l[?25h[?25l(B[0;7m  266  ls[29d(B[m[?12l[?25h[?25l(B[0;7m  267  ls ws3[30d(B[m[?12l[?25h[?25l(B[0;7m  268  vi cmds.log[31d(B[m[?12l[?25h[?25l(B[0;7m  269  cat ws3.txt[32d(B[m[?12l[?25h[?25l(B[0;7m  270  cd ws3[33d(B[m[?12l[?25h[?25l(B[0;7m  271  ls[34d(B[m[?12l[?25h[?25l(B[0;7m  272  cat cmds.log[35d(B[m[?12l[?25h[?25l(B[0;7m  273  cat ws3.txt[36d(B[m[?12l[?25h[?25l(B[0;7m  274  vi cmds.log[37d(B[m[?12l[?25h[?25l(B[0;7m  275  vi ws3.txt[38d(B[m[?12l[?25h[?25l(B[0;7m  276  grep 0525947647 amazon_reviews_us_Books_v1_02.tsv[39d(B[m[?12l[?25h[?25l(B[0;7m  277  cd[40d(B[m[?12l[?25h[?25l(B[0;7m  278  grep 0525947647 amazon_reviews_us_Books_v1_02.tsv[41d(B[m[?12l[?25h[?25l7[3;42r8[42d[20S[1;44r[21;1H(B[0;7m  279  cd ws3[22;3H(B[m280  vi ws3.txt[23;3H281  cat ws3.txt[24;3H282  ls[25;3H283  cd[26;3H284  git add ws3[27;3H285  git status[28;3H286  git commit -m "Added ws3"[29;3H287  git push origin main[30;3H288  man sort[31;3H289  help sort[32;3H290  man sort[33;3H291  help -d sort[34;3H292  man -k sort[35;3H293  help sort -gr[36;3H294  help ls[37;3H295  info ls[38;3H296  ps aux[39;3H297  echo $?[40;3H298  who[41;3H299  wc who[22d[?12l[?25h[?25l(B[0;7m  280  vi ws3.txt[23d(B[m[?12l[?25h[?25l(B[0;7m  281  cat ws3.txt[24d(B[m[?12l[?25h[?25l(B[0;7m  282  ls[25d(B[m[?12l[?25h[?25l(B[0;7m  283  cd[26d(B[m[?12l[?25h[?25l(B[0;7m  284  git add ws3[27d(B[m[?12l[?25h[?25l(B[0;7m  285  git status[28d(B[m[?12l[?25h[?25l(B[0;7m  286  git commit -m "Added ws3"[29d(B[m[?12l[?25h[?25l(B[0;7m  287  git push origin main[30d(B[m[?12l[?25h[?25l(B[0;7m  288  man sort[31d(B[m[?12l[?25h[?25l(B[0;7m  289  help sort[32d(B[m[?12l[?25h[?25l(B[0;7m  290  man sort[33d(B[m[?12l[?25h[?25l(B[0;7m  291  help -d sort[34d(B[m[?12l[?25h[?25l(B[0;7m  292  man -k sort[35d(B[m[?12l[?25h[?25l(B[0;7m  293  help sort -gr[36d(B[m[?12l[?25h[?25l(B[0;7m  294  help ls[37d(B[m[?12l[?25h[?25l(B[0;7m  295  info ls[38d(B[m[?12l[?25h[?25l(B[0;7m  296  ps aux[39d(B[m[?12l[?25h[?25l(B[0;7m  297  echo $?[40d(B[m[?12l[?25h[?25l(B[0;7m  298  who[41d(B[m[?12l[?25h[?25l7[3;42r8[42d[20S[1;44r[21;1H(B[0;7m  299  wc who[22;3H(B[m300  wc | who[23;3H301  who > users.txt[24;3H302  ls[25;3H303  cat users.txt[26;3H304  cat users.txt | wc -l[27;3H305  who | wc -l[28;3H306  help wc -l[29;3H307  wh -l <[30;3H308  clear[31;3H309  who | tee users.txt[32;3H310  wc users.txt[33;3H311  wc -l users.txt[34;3H312  man who[35;3H313  man ps[36;3H314  nano ~/.bashrc[37;3H315  l[38;3H316  man script[39;3H317  script ws4.txt[40;3H318  cat ws4.txt[41;3H319  rm ws4.txt[22d[?12l[?25h[?25l(B[0;7m  300  wc | who[23d(B[m[?12l[?25h[?25l(B[0;7m  301  who > users.txt[24d(B[m[?12l[?25h[?25l(B[0;7m  302  ls[25d(B[m[?12l[?25h[?25l(B[0;7m  303  cat users.txt[26d(B[m[?12l[?25h[?25l(B[0;7m  304  cat users.txt | wc -l[27d(B[m[?12l[?25h[?25l(B[0;7m  305  who | wc -l[28d(B[m[?12l[?25h[?25l(B[0;7m  306  help wc -l[29d(B[m[?12l[?25h[?25l(B[0;7m  307  wh -l <[30d(B[m[?12l[?25h[?25l(B[0;7m  308  clear[31d(B[m[?12l[?25h[?25l(B[0;7m  309  who | tee users.txt[32d(B[m[?12l[?25h[?25l(B[0;7m  310  wc users.txt[33d(B[m[?12l[?25h[?25l(B[0;7m  311  wc -l users.txt[34d(B[m[?12l[?25h[?25l(B[0;7m  312  man who[35d(B[m[?12l[?25h[?25l(B[0;7m  313  man ps[36d(B[m[?12l[?25h[?25l(B[0;7m  314  nano ~/.bashrc[37d(B[m[?12l[?25h[?25l(B[0;7m  315  l[38d(B[m[?12l[?25h[?25l(B[0;7m  316  man script[39d(B[m[?12l[?25h[?25l(B[0;7m  317  script ws4.txt[40d(B[m[?12l[?25h[?25l(B[0;7m  318  cat ws4.txt[41d(B[m[?12l[?25h[?25l7[3;42r8[42d[20S[1;44r[21;1H(B[0;7m  319  rm ws4.txt[22;3H(B[m320  ls[23;3H321  script ws4.txt[24;3H322  vim ~/.bashrc[25;3H323  l[26;3H324  w[27;3H325  mkdir ws4[28;3H326  cd ws4[29;3H327  mkdir CUSTOMERS[30;3H328  mkdir PRODUCTS[31;3H329  head -n 10 amazon_reviews_us_Books_v1_02.tsv[32;3H330  cd[33;3H331  ls[34;3H332  head -n 10 amazon_reviews_us_Books_v1_02.tsv[35;3H333  egrep $'(.*\t){1}12703090\t\' amazon_reviews_us_Books_v1_02.tsv[36;3H334  egrep $'(.*\t){1}50732546\t' amazon_reviews_us_Books_v1_02.tsv[37;3H335  egrep $'(.*\t){1}50732546\t && (.*\t){8}*\t' amazon_reviews_us_Books_$[38;3H336  egrep $'(.*\t){1}50732546\t && (.*\t){8}.*\t' amazon_reviews_us_Books$[39;3H337  egrep $'(.*\t){1}50732546\t amazon_reviews_us_Books_v1_02.tsv | egrep$[40;3H338  egrep $'(.*\t){1}50732546\t amazon_reviews_us_Books_v1_02.tsv | egrep$[41;3H339  egrep $'(.*\t){1}50732546\t' amazon_reviews_us_Books_v1_02.tsv | egre$[22;1H[?12l[?25h[?25l(B[0;7m  320  ls[23d(B[m[?12l[?25h[?25l(B[0;7m  321  script ws4.txt[24d(B[m[?12l[?25h[?25l(B[0;7m  322  vim ~/.bashrc[25d(B[m[?12l[?25h[?25l(B[0;7m  323  l[26d(B[m[?12l[?25h[?25l(B[0;7m  324  w[27d(B[m[?12l[?25h[?25l(B[0;7m  325  mkdir ws4[28d(B[m[?12l[?25h[?25l(B[0;7m  326  cd ws4[29d(B[m[?12l[?25h[?25l(B[0;7m  327  mkdir CUSTOMERS[30d(B[m[?12l[?25h[?25l(B[0;7m  328  mkdir PRODUCTS[31d(B[m[?12l[?25h[?25l(B[0;7m  329  head -n 10 amazon_reviews_us_Books_v1_02.tsv[32d(B[m[?12l[?25h[?25l(B[0;7m  330  cd[33d(B[m[?12l[?25h[?25l(B[0;7m  331  ls[34d(B[m[?12l[?25h[?25l(B[0;7m  332  head -n 10 amazon_reviews_us_Books_v1_02.tsv[35d(B[m[?12l[?25h[?25l(B[0;7m  333  egrep $'(.*\t){1}12703090\t\' amazon_reviews_us_Books_v1_02.tsv [36d(B[m[?12l[?25h[?25l(B[0;7m  334  egrep $'(.*\t){1}50732546\t' amazon_reviews_us_Books_v1_02.tsv [37d(B[m[?12l[?25h[?25l(B[0;7m  335  egrep $'(.*\t){1}50732546\t && (.*\t){8}*\t' amazon_reviews_us_Books_[38d(B[m[?12l[?25h[?25l(B[0;7m  336  egrep $'(.*\t){1}50732546\t && (.*\t){8}.*\t' amazon_reviews_us_Books[39d(B[m[?12l[?25h[?25l(B[0;7m  337  egrep $'(.*\t){1}50732546\t amazon_reviews_us_Books_v1_02.tsv | egrep[40d(B[m[?12l[?25h[?25l(B[0;7m  338  egrep $'(.*\t){1}50732546\t amazon_reviews_us_Books_v1_02.tsv | egrep[41d(B[m[?12l[?25h[?25l7[3;42r8[42d[20S[1;44r[21;1H(B[0;7m  339  egrep $'(.*\t){1}50732546\t' amazon_reviews_us_Books_v1_02.tsv | egre[22;3H(B[m340  egrep $'(.*\t){1}50732546\t' amazon_reviews_us_Books_v1_02.tsv | egre$[23;3H341  egrep $'(.*\t){1}50732546\t' amazon_reviews_us_Books_v1_02.tsv | egre$[24;3H342  egrep $'(.*\t){1}50732546\t' amazon_reviews_us_Books_v1_02.tsv | egre$[25;3H343  egrep $'(.*\t){1}50732546\t' amazon_reviews_us_Books_v1_02.tsv | cut $[26;3H344  egrep $'(.*\t){1}50732546\t' amazon_reviews_us_Books_v1_02.tsv | cut $[27;3H345  egrep $'(.*\t){1}50732546\t' amazon_reviews_us_Books_v1_02.tsv | cut $[28;3H346  ls[29;3H347  cat customerID.txt[30;3H348  nano customerID.txt[31;3H349  mv customerID.txt ws4/CUSTOMERS[32;3H350  CD WS4/CUSTOMERS[33;3H351  cd WS4/CUSTOMERS[34;3H352  cd ws4/CUSTOMERS[35;3H353  ls[36;3H354  cd[37;3H355  ls[38;3H356  cd ws4[39;3H357  ls[40;3H358  cd CUSTOMERS[41;3H359  ls[22d[?12l[?25h[?25l(B[0;7m  340  egrep $'(.*\t){1}50732546\t' amazon_reviews_us_Books_v1_02.tsv | egre[23d(B[m[?12l[?25h[?25l(B[0;7m  341  egrep $'(.*\t){1}50732546\t' amazon_reviews_us_Books_v1_02.tsv | egre[24d(B[m[?12l[?25h[?25l(B[0;7m  342  egrep $'(.*\t){1}50732546\t' amazon_reviews_us_Books_v1_02.tsv | egre[25d(B[m[?12l[?25h[?25l(B[0;7m  343  egrep $'(.*\t){1}50732546\t' amazon_reviews_us_Books_v1_02.tsv | cut [26d(B[m[?12l[?25h[?25l(B[0;7m  344  egrep $'(.*\t){1}50732546\t' amazon_reviews_us_Books_v1_02.tsv | cut [27d(B[m[?12l[?25h[?25l(B[0;7m  345  egrep $'(.*\t){1}50732546\t' amazon_reviews_us_Books_v1_02.tsv | cut [28d(B[m[?12l[?25h[?25l(B[0;7m  346  ls[29d(B[m[?12l[?25h[?25l(B[0;7m  347  cat customerID.txt[30d(B[m[?12l[?25h[?25l(B[0;7m  348  nano customerID.txt[31d(B[m[?12l[?25h[?25l(B[0;7m  349  mv customerID.txt ws4/CUSTOMERS[32d(B[m[?12l[?25h[?25l(B[0;7m  350  CD WS4/CUSTOMERS[33d(B[m[?12l[?25h[?25l(B[0;7m  351  cd WS4/CUSTOMERS[34d(B[m[?12l[?25h[?25l(B[0;7m  352  cd ws4/CUSTOMERS[35d(B[m[?12l[?25h[?25l(B[0;7m  353  ls[36d(B[m[?12l[?25h[?25l(B[0;7m  354  cd[37d(B[m[?12l[?25h[?25l(B[0;7m  355  ls[38d(B[m[?12l[?25h[?25l(B[0;7m  356  cd ws4[39d(B[m[?12l[?25h[?25l(B[0;7m  357  ls[40d(B[m[?12l[?25h[?25l(B[0;7m  358  cd CUSTOMERS[41d(B[m[?12l[?25h[?25l7[3;42r8[42d[20S[1;44r[21;1H(B[0;7m  359  ls[22d  360  cat customerID.txt [23;3H(B[m361  egrep $'(.*\t){3}60875410\t' amazon_reviews_us_Books_v1_02.tsv | cut $[24;3H362  cd[25;3H363  egrep $'(.*\t){3}60875410\t' amazon_reviews_us_Books_v1_02.tsv | cut $[26;3H364  ls[27;3H365  cat productID.txt[28;3H366  egrep $'(.*\t){3}60875410\t' amazon_reviews_us_Books_v1_02.tsv | cut $[29;3H367  cat productID.txt[30;3H368  egrep $'(.*\t){3}60875410\t' amazon_reviews_us_Books_v1_02.tsv | cut $[31;3H369  egrep $'(.*\t){3}60875410\t' amazon_reviews_us_Books_v1_02.tsv | cut $[32;3H370  egrep $'(.*\t){4}60875410\t' amazon_reviews_us_Books_v1_02.tsv | cut $[33;3H371  egrep $'(.*\t){3}60875410\t' amazon_reviews_us_Books_v1_02.tsv[34;3H372  cd[35;3H373  egrep $'(.*\t){3}60875410\t' amazon_reviews_us_Books_v1_02.tsv[36;3H374  egrep $'(.*\t){3}29148510\t' amazon_reviews_us_Books_v1_02.tsv[37;3H375  head -n 10 amazon_reviews_us_Books_v1_02.tsv[38;3H376  egrep $'(.*\t){3}0300108834\t' amazon_reviews_us_Books_v1_02.tsv[39;3H377  egrep $'(.*\t){4}0300108834\t' amazon_reviews_us_Books_v1_02.tsv | cu$[40;3H378  egrep $'(.*\t){3}0300108834\t' amazon_reviews_us_Books_v1_02.tsv | cu$[41;3H379  egrep $'(.*\t){3}0805076069\t' amazon_reviews_us_Books_v1_02.tsv | cu$[23;1H[?12l[?25h[?25l(B[0;7m  361  egrep $'(.*\t){3}60875410\t' amazon_reviews_us_Books_v1_02.tsv | cut [24d(B[m[?12l[?25h[?25l(B[0;7m  362  cd[25d(B[m[?12l[?25h[?25l(B[0;7m  363  egrep $'(.*\t){3}60875410\t' amazon_reviews_us_Books_v1_02.tsv | cut [26d(B[m[?12l[?25h[?25l(B[0;7m  364  ls[27d(B[m[?12l[?25h[?25l(B[0;7m  365  cat productID.txt[28d(B[m[?12l[?25h[?25l(B[0;7m  366  egrep $'(.*\t){3}60875410\t' amazon_reviews_us_Books_v1_02.tsv | cut [29d(B[m[?12l[?25h[?25l(B[0;7m  367  cat productID.txt[30d(B[m[?12l[?25h[?25l(B[0;7m  368  egrep $'(.*\t){3}60875410\t' amazon_reviews_us_Books_v1_02.tsv | cut [31d(B[m[?12l[?25h[?25l(B[0;7m  369  egrep $'(.*\t){3}60875410\t' amazon_reviews_us_Books_v1_02.tsv | cut [32d(B[m[?12l[?25h[?25l(B[0;7m  370  egrep $'(.*\t){4}60875410\t' amazon_reviews_us_Books_v1_02.tsv | cut [33d(B[m[?12l[?25h[?25l(B[0;7m  371  egrep $'(.*\t){3}60875410\t' amazon_reviews_us_Books_v1_02.tsv [34d(B[m[?12l[?25h[?25l(B[0;7m  372  cd[35d(B[m[?12l[?25h[?25l(B[0;7m  373  egrep $'(.*\t){3}60875410\t' amazon_reviews_us_Books_v1_02.tsv [36d(B[m[?12l[?25h[?25l(B[0;7m  374  egrep $'(.*\t){3}29148510\t' amazon_reviews_us_Books_v1_02.tsv [37d(B[m[?12l[?25h[?25l(B[0;7m  375  head -n 10 amazon_reviews_us_Books_v1_02.tsv[38d(B[m[?12l[?25h[?25l(B[0;7m  376  egrep $'(.*\t){3}0300108834\t' amazon_reviews_us_Books_v1_02.tsv [39d(B[m[?12l[?25h[?25l(B[0;7m  377  egrep $'(.*\t){4}0300108834\t' amazon_reviews_us_Books_v1_02.tsv | cu[40d(B[m[?12l[?25h[?25l(B[0;7m  378  egrep $'(.*\t){3}0300108834\t' amazon_reviews_us_Books_v1_02.tsv | cu[41d(B[m[?12l[?25h[?25l7[3;42r8[42d[20S[1;44r[21;1H(B[0;7m  379  egrep $'(.*\t){3}0805076069\t' amazon_reviews_us_Books_v1_02.tsv | cu[22;3H(B[m380  egrep $'(.*\t){3}0805076069\t' amazon_reviews_us_Books_v1_02.tsv | cu$[23;3H381  cat productID.txt[24;3H382  ls[25;3H383  mv productID.txt ws4/PRODUCTS[26;3H384  ls ws4[27;3H385  ls ws4/PRODUCTS/[28;3H386  ls ws4/CUSTOMERS/[29;3H387  cd ws4/CUSTOMERS/[30;3H388  cat productID.txt[31;3H389  rm productID.txt[32;3H390  ls[33;3H391  cat customerID.txt[34;3H392  cd ws4[35;3H393  cd[36;3H394  cd ws4[37;3H395  cd ws4/CUSTOMERS[38;3H396  ls[39;3H397  cd CUSTOMERS[40;3H398  paste -sd+ customerID.txt | echo "scale=2; (\'cat\') / \'wc -l\'" | bc[41;3H399  paste -sd+ customerID.txt | echo "scale=2; ('\cat\') / \'wc -l\'" | bc[22;1H[?12l[?25h[?25l(B[0;7m  380  egrep $'(.*\t){3}0805076069\t' amazon_reviews_us_Books_v1_02.tsv | cu[23d(B[m[?12l[?25h[?25l(B[0;7m  381  cat productID.txt [24d(B[m[?12l[?25h[?25l(B[0;7m  382  ls[25d(B[m[?12l[?25h[?25l(B[0;7m  383  mv productID.txt ws4/PRODUCTS[26d(B[m[?12l[?25h[?25l(B[0;7m  384  ls ws4[27d(B[m[?12l[?25h[?25l(B[0;7m  385  ls ws4/PRODUCTS/[28d(B[m[?12l[?25h[?25l(B[0;7m  386  ls ws4/CUSTOMERS/[29d(B[m[?12l[?25h[?25l(B[0;7m  387  cd ws4/CUSTOMERS/[30d(B[m[?12l[?25h[?25l(B[0;7m  388  cat productID.txt[31d(B[m[?12l[?25h[?25l(B[0;7m  389  rm productID.txt[32d(B[m[?12l[?25h[?25l(B[0;7m  390  ls[33d(B[m[?12l[?25h[?25l(B[0;7m  391  cat customerID.txt[34d(B[m[?12l[?25h[?25l(B[0;7m  392  cd ws4[35d(B[m[?12l[?25h[?25l(B[0;7m  393  cd[36d(B[m[?12l[?25h[?25l(B[0;7m  394  cd ws4[37d(B[m[?12l[?25h[?25l(B[0;7m  395  cd ws4/CUSTOMERS[38d(B[m[?12l[?25h[?25l(B[0;7m  396  ls[39d(B[m[?12l[?25h[?25l(B[0;7m  397  cd CUSTOMERS[40d(B[m[?12l[?25h[?25l(B[0;7m  398  paste -sd+ customerID.txt | echo "scale=2; (\'cat\') / \'wc -l\'" | bc[41;1H(B[m[?12l[?25h[?25l7[3;42r8[42d[20S[1;44r[21;1H(B[0;7m  399  paste -sd+ customerID.txt | echo "scale=2; ('\cat\') / \'wc -l\'" | bc[22;3H(B[m400  paste -sd+ customerID.txt | echo "scale=2; (\'cat\') / \'cat customer$[23;3H401  (standard_in) 1: illegal character: \[24;3H402  (standard_in) 1: illegal character: '[25;3H403  (standard_in) 1: illegal character: \[26;3H404  (standard_in) 1: illegal character: '[27;3H405  (standard_in) 1: illegal character: \[28;3H406  (standard_in) 1: illegal character: '[29;3H407  (standard_in) 1: syntax error[30;3H408  (standard_in) 1: illegal character: |[31;3H409  (standard_in) 1: illegal character: \[32;3H410  (standard_in) 1: illegal character: '[33;3H411  paste -sd'+' customerID.txt | echo "scale=2; (\'cat\') / \'wc -l\ < c$[34;3H412  echo "scale=2; $(paste -sd+ customerID.txt) / $(wc -l < customerID.tx$[35;3H413  ls[36;3H414  cd ws4[37;3H415  ls[38;3H416  cd CUSTOMERS[39;3H417  ls[40;3H418  echo "scale=2; $(paste -sd+ customerID.txt) / $(wc -l < customerID.tx$[41;3H419  paste -sd'+' customerID.txt | echo "scale=2; (\'cat\') / \'wc -l\ < c$[22;1H[?12l[?25h[?25l(B[0;7m  400  paste -sd+ customerID.txt | echo "scale=2; (\'cat\') / \'cat customer[23d(B[m[?12l[?25h[?25l(B[0;7m  401  (standard_in) 1: illegal character: \[24d(B[m[?12l[?25h[?25l(B[0;7m  402  (standard_in) 1: illegal character: '[25d(B[m[?12l[?25h[?25l(B[0;7m  403  (standard_in) 1: illegal character: \[26d(B[m[?12l[?25h[?25l(B[0;7m  404  (standard_in) 1: illegal character: '[27d(B[m[?12l[?25h[?25l(B[0;7m  405  (standard_in) 1: illegal character: \[28d(B[m[?12l[?25h[?25l(B[0;7m  406  (standard_in) 1: illegal character: '[29d(B[m[?12l[?25h[?25l(B[0;7m  407  (standard_in) 1: syntax error[30d(B[m[?12l[?25h[?25l(B[0;7m  408  (standard_in) 1: illegal character: |[31d(B[m[?12l[?25h[?25l(B[0;7m  409  (standard_in) 1: illegal character: \[32d(B[m[?12l[?25h[?25l(B[0;7m  410  (standard_in) 1: illegal character: '[33d(B[m[?12l[?25h[?25l(B[0;7m  411  paste -sd'+' customerID.txt | echo "scale=2; (\'cat\') / \'wc -l\ < c[34d(B[m[?12l[?25h[?25l(B[0;7m  412  echo "scale=2; $(paste -sd+ customerID.txt) / $(wc -l < customerID.tx[35d(B[m[?12l[?25h[?25l(B[0;7m  413  ls[36d(B[m[?12l[?25h[?25l(B[0;7m  414  cd ws4[37d(B[m[?12l[?25h[?25l(B[0;7m  415  ls[38d(B[m[?12l[?25h[?25l(B[0;7m  416  cd CUSTOMERS[39d(B[m[?12l[?25h[?25l(B[0;7m  417  ls[40d(B[m[?12l[?25h[?25l(B[0;7m  418  echo "scale=2; $(paste -sd+ customerID.txt) / $(wc -l < customerID.tx[41d(B[m[?12l[?25h[?25l7[3;42r8[42d[20S[1;44r[21;1H(B[0;7m  419  paste -sd'+' customerID.txt | echo "scale=2; (\'cat\') / \'wc -l\ < c[22;3H(B[m420  echo "scale=2; $(paste -sd+ customerID.txt) / $(wc -l < customerID.tx$[23;3H421  cat customerID.txt[24;3H422  echo "scale=2; $(paste -sd+ customerID.txt) / $(wc -l < customerID.tx$[25;3H423  echo "scale=2; $(paste -sd+ customerID.txt) / (wc -l < customerID.txt$[26;3H424  echo "scale=2; $(paste -sd+ customerID.txt) / $(wc -l < customerID.tx$[27;3H425  echo "scale=2; $(paste -sd+ customerID.txt) / $(wc -l customerID.txt)$[28;3H426  echo "scale=2; $(paste -sd+ customerID.txt) / $(wc -l < customerID.tx$[29;3H427  echo "scale=2; $(paste -sd+ customerID.txt) | bc[30;3H428  wc -l < customerID.txt[31;3H429  ls[32;3H430  cd PRODUCTS[33;3H431  cd[34;3H432  ls[35;3H433  cd ws4[36;3H434  cd PRODUCTS[37;3H435  cat productID.txt[38;3H436  wc -l < productID.txt[39;3H437  egrep $'(.*\t){1}50732546\t' amazon_reviews_us_Books_v1_02.tsv | cut $[40;3H438  egrep $'(.*\t){1}50732546\t' amazon_reviews_us_Books_v1_02.tsv | cut $[41;3H439  cd ws4[22d[?12l[?25h[?25l(B[0;7m  420  echo "scale=2; $(paste -sd+ customerID.txt) / $(wc -l < customerID.tx[23d(B[m[?12l[?25h[?25l(B[0;7m  421  cat customerID.txt [24d(B[m[?12l[?25h[?25l(B[0;7m  422  echo "scale=2; $(paste -sd+ customerID.txt) / $(wc -l < customerID.tx[25d(B[m[?12l[?25h[?25l(B[0;7m  423  echo "scale=2; $(paste -sd+ customerID.txt) / (wc -l < customerID.txt[26d(B[m[?12l[?25h[?25l(B[0;7m  424  echo "scale=2; $(paste -sd+ customerID.txt) / $(wc -l < customerID.tx[27d(B[m[?12l[?25h[?25l(B[0;7m  425  echo "scale=2; $(paste -sd+ customerID.txt) / $(wc -l customerID.txt)[28d(B[m[?12l[?25h[?25l(B[0;7m  426  echo "scale=2; $(paste -sd+ customerID.txt) / $(wc -l < customerID.tx[29d(B[m[?12l[?25h[?25l(B[0;7m  427  echo "scale=2; $(paste -sd+ customerID.txt) | bc[30d(B[m[?12l[?25h[?25l(B[0;7m  428  wc -l < customerID.txt [31d(B[m[?12l[?25h[?25l(B[0;7m  429  ls[32d(B[m[?12l[?25h[?25l(B[0;7m  430  cd PRODUCTS[33d(B[m[?12l[?25h[?25l(B[0;7m  431  cd[34d(B[m[?12l[?25h[?25l(B[0;7m  432  ls[35d(B[m[?12l[?25h[?25l(B[0;7m  433  cd ws4[36d(B[m[?12l[?25h[?25l(B[0;7m  434  cd PRODUCTS[37d(B[m[?12l[?25h[?25l(B[0;7m  435  cat productID.txt [38d(B[m[?12l[?25h[?25l(B[0;7m  436  wc -l < productID.txt [39d(B[m[?12l[?25h[?25l(B[0;7m  437  egrep $'(.*\t){1}50732546\t' amazon_reviews_us_Books_v1_02.tsv | cut [40d(B[m[?12l[?25h[?25l(B[0;7m  438  egrep $'(.*\t){1}50732546\t' amazon_reviews_us_Books_v1_02.tsv | cut [41d(B[m[?12l[?25h[?25l7[3;42r8[42d[20S[1;44r[21;1H(B[0;7m  439  cd ws4[22;3H(B[m440  ls[23;3H441  cd[24;3H442  cd ws4[25;3H443  cd CUSTOMERS/[26;3H444  egrep $'(.*\t){1}50732546\t' amazon_reviews_us_Books_v1_02.tsv | cut $[27;3H445  mv customerID.txt home[28;3H446  cd[29;3H447  ls[30;3H448  cd home[31;3H449  cd ws4[32;3H450  ls[33;3H451  cd CUSTOMERS/[34;3H452  ls[35;3H453  cd home[36;3H454  cat home[37;3H455  cd[38;3H456  egrep $'(.*\t){1}50732546\t' amazon_reviews_us_Books_v1_02.tsv | cut $[39;3H457  ls[40;3H458  cat customerID.txt[41;3H459  wc -l < customerID.txt[22d[?12l[?25h[?25l(B[0;7m  440  ls[23d(B[m[?12l[?25h[?25l(B[0;7m  441  cd[24d(B[m[?12l[?25h[?25l(B[0;7m  442  cd ws4[25d(B[m[?12l[?25h[?25l(B[0;7m  443  cd CUSTOMERS/[26d(B[m[?12l[?25h[?25l(B[0;7m  444  egrep $'(.*\t){1}50732546\t' amazon_reviews_us_Books_v1_02.tsv | cut [27d(B[m[?12l[?25h[?25l(B[0;7m  445  mv customerID.txt home[28d(B[m[?12l[?25h[?25l(B[0;7m  446  cd[29d(B[m[?12l[?25h[?25l(B[0;7m  447  ls[30d(B[m[?12l[?25h[?25l(B[0;7m  448  cd home[31d(B[m[?12l[?25h[?25l(B[0;7m  449  cd ws4[32d(B[m[?12l[?25h[?25l(B[0;7m  450  ls[33d(B[m[?12l[?25h[?25l(B[0;7m  451  cd CUSTOMERS/[34d(B[m[?12l[?25h[?25l(B[0;7m  452  ls[35d(B[m[?12l[?25h[?25l(B[0;7m  453  cd home[36d(B[m[?12l[?25h[?25l(B[0;7m  454  cat home[37d(B[m[?12l[?25h[?25l(B[0;7m  455  cd[38d(B[m[?12l[?25h[?25l(B[0;7m  456  egrep $'(.*\t){1}50732546\t' amazon_reviews_us_Books_v1_02.tsv | cut [39d(B[m[?12l[?25h[?25l(B[0;7m  457  ls[40d(B[m[?12l[?25h[?25l(B[0;7m  458  cat customerID.txt[41d(B[m[?12l[?25h[?25l7[3;42r8[42d[20S[1;44r[21;1H(B[0;7m  459  wc -l < customerID.txt [22;3H(B[m460  mv customerID.txt ws4/CUSTOMERS/[23;3H461  cd ws4/CUSTOMERS/[24;3H462  ls[25;3H463  rm home[26;3H464  ls[27;3H465  cd ws4[28;3H466  cd[29;3H467  cd ws4/PRODUCTS/[30;3H468  echo "scale=2; $(paste -sd+ productID.txt) / $(wc -l < productID.txt)$[31;3H469  paste -sd+ productID.txt | bc[32;3H470  wc -l < productID.txt[33;3H471  $(paste -sd+ productID.txt) / $(wc -l < productID.txt) | bc[34;3H472  echo "$(paste -sd+ productID.txt) / $(wc -l < productID.txt)" | bc[35;3H473  "$(paste -sd+ productID.txt) / $(wc -l < productID.txt)" | bc[36;3H474  $(paste -sd+ productID.txt) / $(wc -l < productID.txt) | bc[37;3H475  echo "$(paste -sd+ productID.txt) / $(wc -l < productID.txt)" | bc[38;3H476  (paste -sd+ productID.txt; echo "/"; wc -l < productID.txt) | bc[39;3H477  $ sum=$(awk '{print $2}' productID.txt | paste -sd+ | bc); echo "$sum$[40;3H478  cd[41;3H479  ls[22d[?12l[?25h[?25l(B[0;7m  460  mv customerID.txt ws4/CUSTOMERS/[23d(B[m[?12l[?25h[?25l(B[0;7m  461  cd ws4/CUSTOMERS/[24d(B[m[?12l[?25h[?25l(B[0;7m  462  ls[25d(B[m[?12l[?25h[?25l(B[0;7m  463  rm home[26d(B[m[?12l[?25h[?25l(B[0;7m  464  ls[27d(B[m[?12l[?25h[?25l(B[0;7m  465  cd ws4[28d(B[m[?12l[?25h[?25l(B[0;7m  466  cd[29d(B[m[?12l[?25h[?25l(B[0;7m  467  cd ws4/PRODUCTS/[30d(B[m[?12l[?25h[?25l(B[0;7m  468  echo "scale=2; $(paste -sd+ productID.txt) / $(wc -l < productID.txt)[31d(B[m[?12l[?25h[?25l(B[0;7m  469  paste -sd+ productID.txt | bc[32d(B[m[?12l[?25h[?25l(B[0;7m  470  wc -l < productID.txt [33d(B[m[?12l[?25h[?25l(B[0;7m  471  $(paste -sd+ productID.txt) / $(wc -l < productID.txt) | bc[34d(B[m[?12l[?25h[?25l(B[0;7m  472  echo "$(paste -sd+ productID.txt) / $(wc -l < productID.txt)" | bc[35d(B[m[?12l[?25h[?25l(B[0;7m  473  "$(paste -sd+ productID.txt) / $(wc -l < productID.txt)" | bc[36d(B[m[?12l[?25h[?25l(B[0;7m  474  $(paste -sd+ productID.txt) / $(wc -l < productID.txt) | bc[37d(B[m[?12l[?25h[?25l(B[0;7m  475  echo "$(paste -sd+ productID.txt) / $(wc -l < productID.txt)" | bc[38d(B[m[?12l[?25h[?25l(B[0;7m  476  (paste -sd+ productID.txt; echo "/"; wc -l < productID.txt) | bc[39d(B[m[?12l[?25h[?25l(B[0;7m  477  $ sum=$(awk '{print $2}' productID.txt | paste -sd+ | bc); echo "$sum[40d(B[m[?12l[?25h[?25l(B[0;7m  478  cd[41d(B[m[?12l[?25h[?25l7[3;42r8[42d[20S[1;44r[21;1H(B[0;7m  479  ls[22;3H(B[m480  cd ws4[23;3H481  ls[24;3H482  cd CUSTOMERS[25;3H483  ls[26;3H484  cd[27;3H485  awk '{sum+=$1} END {print sum/NR}' numbers.txt | bc[28;3H486  cd ws4/CUSTOMERS/[29;3H487  awk '{sum+=$1} END {print sum/NR}' customerID.txt | bc[30;3H488  cd[31;3H489  cd ws4/PRODUCTS/[32;3H490  awk '{sum+=$1} END {print sum/NR}' productID.txt | bc[33;3H491  mv productID.txt 0805076069.txt[34;3H492  ls[35;3H493  cd[36;3H494  cd ws4/CUSTOMERS/[37;3H495  mv customerID.txt 50732546.txt[38;3H496  ls[39;3H497  cd[40;3H498  history > cmds.log[41;3H499  nano cmds.log[22d[?12l[?25h[?25l(B[0;7m  480  cd ws4[23d(B[m[?12l[?25h[?25l(B[0;7m  481  ls[24d(B[m[?12l[?25h[?25l(B[0;7m  482  cd CUSTOMERS[25d(B[m[?12l[?25h[?25l(B[0;7m  483  ls[26d(B[m[?12l[?25h[?25l(B[0;7m  484  cd[27d(B[m[?12l[?25h[?25l(B[0;7m  485  awk '{sum+=$1} END {print sum/NR}' numbers.txt | bc[28d(B[m[?12l[?25h[?25l(B[0;7m  486  cd ws4/CUSTOMERS/[29d(B[m[?12l[?25h[?25l(B[0;7m  487  awk '{sum+=$1} END {print sum/NR}' customerID.txt | bc[30d(B[m[?12l[?25h[?25l(B[0;7m  488  cd[31d(B[m[?12l[?25h[?25l(B[0;7m  489  cd ws4/PRODUCTS/[32d(B[m[?12l[?25h[?25l(B[0;7m  490  awk '{sum+=$1} END {print sum/NR}' productID.txt | bc[33d(B[m[?12l[?25h[?25l(B[0;7m  491  mv productID.txt 0805076069.txt[34d(B[m[?12l[?25h[?25l(B[0;7m  492  ls[35d(B[m[?12l[?25h[?25l(B[0;7m  493  cd[36d(B[m[?12l[?25h[?25l(B[0;7m  494  cd ws4/CUSTOMERS/[37d(B[m[?12l[?25h[?25l(B[0;7m  495  mv customerID.txt 50732546.txt[38d(B[m[?12l[?25h[?25l(B[0;7m  496  ls[39d(B[m[?12l[?25h[?25l(B[0;7m  497  cd[40d(B[m[?12l[?25h[?25l(B[0;7m  498  history > cmds.log[41d(B[m[?12l[?25h[?25l7[3;42r8[42d[20S[1;44r[21;1H(B[0;7m  499  nano cmds.log[22;3H(B[m500  ls[23;3H501  mkdir a1[24;3H502  cd a1[25;3H503  ls[26;3H504  cd[27;3H505  pwd[28;3H506  echo $HOME[29;3H507  cd a1[30;3H508  id -u[31;3H509  id[32;3H510  mkdir temp[33;3H511  chmod u-x temp[34;3H512  cd temp[35;3H513  ls temp[36;3H514  ls -l[37;3H515  touch temp/test.txt[38;3H516  ls -l temp[39;3H517  mkdir temp2[40;3H518  mv temp2 temp3[41;3H519  ls[22d[?12l[?25h[?25l(B[0;7m  500  ls[23d(B[m[?12l[?25h[?25l(B[0;7m  501  mkdir a1[24d(B[m[?12l[?25h[?25l(B[0;7m  502  cd a1[25d(B[m[?12l[?25h[?25l(B[0;7m  503  ls[26d  504  cd[27d  505  pwd[28d  506  echo $HOME[29d(B[m[?12l[?25h[?25l(B[0;7m  507  cd a1[30d(B[m[?12l[?25h[?25l(B[0;7m  508  id -u[31d(B[m[?12l[?25h[?25l(B[0;7m  509  id[32d(B[m[?12l[?25h[?25l(B[0;7m  510  mkdir temp[33d(B[m[?12l[?25h[?25l(B[0;7m  511  chmod u-x temp[34d(B[m[?12l[?25h[?25l(B[0;7m  512  cd temp[35d(B[m[?12l[?25h[?25l(B[0;7m  513  ls temp[36d(B[m[?12l[?25h[?25l(B[0;7m  514  ls -l[37d(B[m[?12l[?25h[?25l(B[0;7m  515  touch temp/test.txt[38d(B[m[?12l[?25h[?25l(B[0;7m  516  ls -l temp[39d(B[m[?12l[?25h[?25l(B[0;7m  517  mkdir temp2[40d(B[m[?12l[?25h[?25l(B[0;7m  518  mv temp2 temp3[41d(B[m[?12l[?25h[?25l7[3;42r8[42d[20S[1;44r[21;1H(B[0;7m  519  ls[22;3H(B[m520  cp -r temp3 temp3copy[23;3H521  ls[24;3H522  ls temp3copy[25;3H523  ls temp3[26;3H524  ls /proc/ | grep mem[27;3H525  ls /proc/ | grep cpu[28;3H526  head /proc/meminfo[29;3H527  head /proc/cpuinfo[30;3H528  tail /proc/cpuinfo[31;3H529  cat /proc/cpuinfo[32;3H530  cp /home/test/A1/downloaded_hashtags_extend.csv a1/[33;3H531  cp /home/test/A1/downloaded_hashtags_extend.csv a1[34;3H532  ls[35;3H533  rm a1[36;3H534  ls[37;3H535  cd[38;3H536  ls[39;3H537  cp /home/test/A1/downloaded_hashtags_extend.csv a1/[40;3H538  cd a1[41;3H539  ls[22d[?12l[?25h[?25l(B[0;7m  520  cp -r temp3 temp3copy[23d(B[m[?12l[?25h[?25l(B[0;7m  521  ls[24d(B[m[?12l[?25h[?25l(B[0;7m  522  ls temp3copy[25d(B[m[?12l[?25h[?25l(B[0;7m  523  ls temp3[26d(B[m[?12l[?25h[?25l(B[0;7m  524  ls /proc/ | grep mem[27d(B[m[?12l[?25h[?25l(B[0;7m  525  ls /proc/ | grep cpu[28d(B[m[?12l[?25h[?25l(B[0;7m  526  head /proc/meminfo[29d(B[m[?12l[?25h[?25l(B[0;7m  527  head /proc/cpuinfo[30d(B[m[?12l[?25h[?25l(B[0;7m  528  tail /proc/cpuinfo[31d(B[m[?12l[?25h[?25l(B[0;7m  529  cat /proc/cpuinfo[32d(B[m[?12l[?25h[?25l(B[0;7m  530  cp /home/test/A1/downloaded_hashtags_extend.csv a1/[33d(B[m[?12l[?25h[?25l(B[0;7m  531  cp /home/test/A1/downloaded_hashtags_extend.csv a1[34d(B[m[?12l[?25h[?25l(B[0;7m  532  ls[35d(B[m[?12l[?25h[?25l(B[0;7m  533  rm a1[36d(B[m[?12l[?25h[?25l(B[0;7m  534  ls[37d(B[m[?12l[?25h[?25l(B[0;7m  535  cd[38d(B[m[?12l[?25h[?25l(B[0;7m  536  ls[39d(B[m[?12l[?25h[?25l(B[0;7m  537  cp /home/test/A1/downloaded_hashtags_extend.csv a1/[40d(B[m[?12l[?25h[?25l(B[0;7m  538  cd a1[41d(B[m[?12l[?25h[?25l7[3;42r8[42d[20S[1;44r[21;1H(B[0;7m  539  ls[22;3H(B[m540  stat downloaded_hashtags_extend.csv[23;3H541  wc -l downloaded_hashtags_extend.csv[24;3H542  head downloaded_hashtags_extend.csv[25;3H543  head -30 downloaded_hashtags_extend.csv[26;3H544  grep -i "great" downloaded_hashtags_extend.csv | wc -l[27;3H545  cut -d ',' -f2 downloaded_hashtags_extend.csv | grep -i "great" | wc $[28;3H546  file downloaded_hashtags_extend.csv[29;3H547  iconv -f utf-8 -t ascii downloaded_hashtags_extend.csv[30;3H548  file downloaded_hashtags_extend.csv[31;3H549  ls[32;3H550  iconv -f utf-8 -t ascii downloaded_hashtags_extend.csv > downloaded_h$[33;3H551  file downloaded_hashtags_extend.csv[34;3H552  cat downloaded_hashtags_extend.csv[35;3H553  rm downloaded_hashtags_extend.csv[36;3H554  cp /home/test/A1/downloaded_hashtags_extend.csv a1/[37;3H555  cd[38;3H556  cp /home/test/A1/downloaded_hashtags_extend.csv a1/[39;3H557  cd a1[40;3H558  ls[41;3H559  file downloaded_hashtags_extend.csv[22d[?12l[?25h[?25l(B[0;7m  540  stat downloaded_hashtags_extend.csv [23d(B[m[?12l[?25h[?25l(B[0;7m  541  wc -l downloaded_hashtags_extend.csv [24d(B[m[?12l[?25h[?25l(B[0;7m  542  head downloaded_hashtags_extend.csv [25d(B[m[?12l[?25h[?25l(B[0;7m  543  head -30 downloaded_hashtags_extend.csv [26d(B[m[?12l[?25h[?25l(B[0;7m  544  grep -i "great" downloaded_hashtags_extend.csv | wc -l[27d(B[m[?12l[?25h[?25l(B[0;7m  545  cut -d ',' -f2 downloaded_hashtags_extend.csv | grep -i "great" | wc [28d(B[m[?12l[?25h[?25l(B[0;7m  546  file downloaded_hashtags_extend.csv [29d(B[m[?12l[?25h[?25l(B[0;7m  547  iconv -f utf-8 -t ascii downloaded_hashtags_extend.csv[30d(B[m[?12l[?25h[?25l(B[0;7m  548  file downloaded_hashtags_extend.csv [31d(B[m[?12l[?25h[?25l(B[0;7m  549  ls[32d(B[m[?12l[?25h[?25l(B[0;7m  550  iconv -f utf-8 -t ascii downloaded_hashtags_extend.csv > downloaded_h[33d(B[m[?12l[?25h[?25l(B[0;7m  551  file downloaded_hashtags_extend.csv [34d(B[m[?12l[?25h[?25l(B[0;7m  552  cat downloaded_hashtags_extend.csv [35d(B[m[?12l[?25h[?25l(B[0;7m  553  rm downloaded_hashtags_extend.csv [36d(B[m[?12l[?25h[?25l(B[0;7m  554  cp /home/test/A1/downloaded_hashtags_extend.csv a1/[37d(B[m[?12l[?25h[?25l(B[0;7m  555  cd[38d(B[m[?12l[?25h[?25l(B[0;7m  556  cp /home/test/A1/downloaded_hashtags_extend.csv a1/[39d(B[m[?12l[?25h[?25l(B[0;7m  557  cd a1[40d(B[m[?12l[?25h[?25l(B[0;7m  558  ls[41d(B[m[?12l[?25h[?25l7[3;42r8[42d[20S[1;44r[21;1H(B[0;7m  559  file downloaded_hashtags_extend.csv [22;3H(B[m560  iconv -f utf-8 -t ascii -o downloaded_hashtags_extend.csv downloaded_$[23;3H561  file downloaded_hashtags_extend.csv[24;3H562  head downloaded_hashtags_extend.csv[25;3H563  cut -d ',' -f1 downloaded_hashtags_extend.csv | sort -u | wc -l[26;3H564  cut -d ',' -f4 downloaded_hashtags_extend.csv | sort -u | wc -l[27;3H565  cut -d ',' -f2 downloaded_hashtags_extend.csv | sort -u | wc -l[28;3H566  script a1.txt[29;3H567  history > cmds.log[30;3H568  ls[31;3H569  mv a1.txt a1[32;3H570  mv cmds.log a1[33;3H571  nano cmds.log[34;3H572  cd a1[35;3H573  ls[36;3H574  cd[37;3H575  ls[38;3H576  cd a1[39;3H577  nano cmds.log[40;3H578  nano a1.txt[41;3H579  ls[22d[?12l[?25h[?25l(B[0;7m  560  iconv -f utf-8 -t ascii -o downloaded_hashtags_extend.csv downloaded_[23d(B[m[?12l[?25h[?25l(B[0;7m  561  file downloaded_hashtags_extend.csv [24d(B[m[?12l[?25h[?25l(B[0;7m  562  head downloaded_hashtags_extend.csv [25d(B[m[?12l[?25h[?25l(B[0;7m  563  cut -d ',' -f1 downloaded_hashtags_extend.csv | sort -u | wc -l[26d(B[m[?12l[?25h[?25l(B[0;7m  564  cut -d ',' -f4 downloaded_hashtags_extend.csv | sort -u | wc -l[27d(B[m[?12l[?25h[?25l(B[0;7m  565  cut -d ',' -f2 downloaded_hashtags_extend.csv | sort -u | wc -l[28d(B[m[?12l[?25h[?25l(B[0;7m  566  script a1.txt[29d(B[m[?12l[?25h[?25l(B[0;7m  567  history > cmds.log[30d(B[m[?12l[?25h[?25l(B[0;7m  568  ls[31d(B[m[?12l[?25h[?25l(B[0;7m  569  mv a1.txt a1[32d(B[m[?12l[?25h[?25l(B[0;7m  570  mv cmds.log a1[33d(B[m[?12l[?25h[?25l(B[0;7m  571  nano cmds.log[34d(B[m[?12l[?25h[?25l(B[0;7m  572  cd a1[35d(B[m[?12l[?25h[?25l(B[0;7m  573  ls[36d(B[m[?12l[?25h[?25l(B[0;7m  574  cd[37d(B[m[?12l[?25h[?25l(B[0;7m  575  ls[38d(B[m[?12l[?25h[?25l(B[0;7m  576  cd a1[39d(B[m[?12l[?25h[?25l(B[0;7m  577  nano cmds.log[40d(B[m[?12l[?25h[?25l(B[0;7m  578  nano a1.txt[41d(B[m[?12l[?25h[?25l7[3;42r8[42d[20S[1;44r[21;1H(B[0;7m  579  ls[22;3H(B[m580  cd temp3[23;3H581  ls[24;3H582  cd[25;3H583  cd a1[26;3H584  ls temp[27;3H585  mkdir temp2[28;3H586  chmod u-x temp2[29;3H587  ls[30;3H588  cat cmds.log[31;3H589  cd[32;3H590  ls[33;3H591  ls a1[34;3H592  cat a1/cmds.log[35;3H593  history > cmds.log[36;3H594  ls[37;3H595  nano cmds.log[38;3H596  ls[39;3H597  cd a1[40;3H598  ls[41;3H599  cat cmds.log[22d[?12l[?25h[?25l(B[0;7m  580  cd temp3[23d(B[m[?12l[?25h[?25l(B[0;7m  581  ls[24d(B[m[?12l[?25h[?25l(B[0;7m  582  cd[25d(B[m[?12l[?25h[?25l(B[0;7m  583  cd a1[26d(B[m[?12l[?25h[?25l(B[0;7m  584  ls temp[27d(B[m[?12l[?25h[?25l(B[0;7m  585  mkdir temp2[28d(B[m[?12l[?25h[?25l(B[0;7m  586  chmod u-x temp2[29d(B[m[?12l[?25h[?25l(B[0;7m  587  ls[30d(B[m[?12l[?25h[?25l(B[0;7m  588  cat cmds.log[31d(B[m[?12l[?25h[?25l(B[0;7m  589  cd[32d(B[m[?12l[?25h[?25l(B[0;7m  590  ls[33d(B[m[?12l[?25h[?25l(B[0;7m  591  ls a1[34d(B[m[?12l[?25h[?25l(B[0;7m  592  cat a1/cmds.log [35d(B[m[?12l[?25h[?25l(B[0;7m  593  history > cmds.log[36d(B[m[?12l[?25h[?25l(B[0;7m  594  ls[37d(B[m[?12l[?25h[?25l(B[0;7m  595  nano cmds.log[38d(B[m[?12l[?25h[?25l(B[0;7m  596  ls[39d(B[m[?12l[?25h[?25l(B[0;7m  597  cd a1[40d(B[m[?12l[?25h[?25l(B[0;7m  598  ls[41d(B[m[?12l[?25h[?25l7[3;42r8[42d[20S[1;44r[21;1H(B[0;7m  599  cat cmds.log [22;3H(B[m600  rm cmds.log[23;3H601  cd[24;3H602  ls[25;3H603  cat cmds.log[26;3H604  mv cmds.log a1[27;3H605  ls[28;3H606  ls a1[29;3H607  cat a1/cmds.log[30;3H608  nano a1/a1.txt[31;3H609  nano a1/cmds.log[32;3H610  ls a1[33;3H611  cd[34;3H612  ls[35;3H613  git add a1[36;3H614  git commit -m "Added a1"[37;3H615  git status[38;3H616  git push origin main[39;3H617  ls a1[40;3H618  nano a1/downloaded_hashtags_extend.csv[41;3H619  nano a1/a1.txt[22d[?12l[?25h[?25l(B[0;7m  600  rm cmds.log [23d(B[m[?12l[?25h[?25l(B[0;7m  601  cd[24d(B[m[?12l[?25h[?25l(B[0;7m  602  ls[25d(B[m[?12l[?25h[?25l(B[0;7m  603  cat cmds.log[26d(B[m[?12l[?25h[?25l(B[0;7m  604  mv cmds.log a1[27d(B[m[?12l[?25h[?25l(B[0;7m  605  ls[28d(B[m[?12l[?25h[?25l(B[0;7m  606  ls a1[29d(B[m[?12l[?25h[?25l(B[0;7m  607  cat a1/cmds.log [30d(B[m[?12l[?25h[?25l(B[0;7m  608  nano a1/a1.txt [31d(B[m[?12l[?25h[?25l(B[0;7m  609  nano a1/cmds.log [32d(B[m[?12l[?25h[?25l(B[0;7m  610  ls a1[33d(B[m[?12l[?25h[?25l(B[0;7m  611  cd[34d(B[m[?12l[?25h[?25l(B[0;7m  612  ls[35d(B[m[?12l[?25h[?25l(B[0;7m  613  git add a1[36d(B[m[?12l[?25h[?25l(B[0;7m  614  git commit -m "Added a1"[37d(B[m[?12l[?25h[?25l(B[0;7m  615  git status[38d(B[m[?12l[?25h[?25l(B[0;7m  616  git push origin main[39d(B[m[?12l[?25h[?25l(B[0;7m  617  ls a1[40d(B[m[?12l[?25h[?25l(B[0;7m  618  nano a1/downloaded_hashtags_extend.csv [41d(B[m[?12l[?25h[?25l7[3;42r8[42d[20S[1;44r[21;1H(B[0;7m  619  nano a1/a1.txt [22;3H(B[m620  cd[23;3H621  git add a1[24;3H622  git commit -m "updated a1.txt"[25;3H623  git push origin main[26;3H624  exit[27;3H625  exit[28;3H626  tmux kill-session[29;3H627  tmux[30;3H628  tmux ls[31;3H629  tmux new-session -s cs131a2[32;3H630  tmux ls[33;3H631  tmux cs131a2[34;3H632  tmux[35;3H633  whoami[36;3H634  nano sphere.gnu[37;3H635  gnuplot sphere.gnu[38;3H636  ls[39;3H637  sudo apt-get install gnuplot[40;3H638  apt-get install gnuplot[41;3H639  rm sphere.gnu[22d[?12l[?25h[?25l(B[0;7m  620  cd[23d(B[m[?12l[?25h[?25l(B[0;7m  621  git add a1[24d(B[m[?12l[?25h[?25l(B[0;7m  622  git commit -m "updated a1.txt"[25d(B[m[?12l[?25h[?25l(B[0;7m  623  git push origin main[26d(B[m[?12l[?25h[?25l(B[0;7m  624  exit[27d(B[m[?12l[?25h[?25l(B[0;7m  625  exit[28d(B[m[?12l[?25h[?25l(B[0;7m  626  tmux kill-session[29d(B[m[?12l[?25h[?25l(B[0;7m  627  tmux[30d(B[m[?12l[?25h[?25l(B[0;7m  628  tmux ls[31d(B[m[?12l[?25h[?25l(B[0;7m  629  tmux new-session -s cs131a2[32d(B[m[?12l[?25h[?25l(B[0;7m  630  tmux ls[33d(B[m[?12l[?25h[?25l(B[0;7m  631  tmux cs131a2[34d(B[m[?12l[?25h[?25l(B[0;7m  632  tmux[35d(B[m[?12l[?25h[?25l(B[0;7m  633  whoami[36d(B[m[?12l[?25h[?25l(B[0;7m  634  nano sphere.gnu[37d(B[m[?12l[?25h[?25l(B[0;7m  635  gnuplot sphere.gnu [38d(B[m[?12l[?25h[?25l(B[0;7m  636  ls[39d(B[m[?12l[?25h[?25l(B[0;7m  637  sudo apt-get install gnuplot[40d(B[m[?12l[?25h[?25l(B[0;7m  638  apt-get install gnuplot[41d(B[m[?12l[?25h[?25l7[3;42r8[42d[20S[1;44r[21;1H(B[0;7m  639  rm sphere.gnu [22;3H(B[m640  ls[23;3H641  script ws5.txt[24;3H642  mkdir ws5[25;3H643  cd ws5[26;3H644  ls[27;3H645  mkdir CUSTOMERS[28;3H646  ls[29;3H647  cd CUSTOMERS/[30;3H648  touch script.sh[31;3H649  nano script.sh[32;3H650  ls[33;3H651  nano script.sh[34;3H652  mv script.sh ws5[35;3H653  cd[36;3H654  cd ws5[37;3H655  ls[38;3H656  ls CUSTOMERS/[39;3H657  mv script.sh CUSTOMERS/[40;3H658  ls ws5[41;3H659  ls[22d[?12l[?25h[?25l(B[0;7m  640  ls[23d(B[m[?12l[?25h[?25l(B[0;7m  641  script ws5.txt[24d(B[m[?12l[?25h[?25l(B[0;7m  642  mkdir ws5[25d(B[m[?12l[?25h[?25l(B[0;7m  643  cd ws5[26d(B[m[?12l[?25h[?25l(B[0;7m  644  ls[27d(B[m[?12l[?25h[?25l(B[0;7m  645  mkdir CUSTOMERS[28d(B[m[?12l[?25h[?25l(B[0;7m  646  ls[29d(B[m[?12l[?25h[?25l(B[0;7m  647  cd CUSTOMERS/[30d(B[m[?12l[?25h[?25l(B[0;7m  648  touch script.sh [31d(B[m[?12l[?25h[?25l(B[0;7m  649  nano script.sh[32d(B[m[?12l[?25h[?25l(B[0;7m  650  ls[33d  651  nano script.sh[34d(B[m[?12l[?25h[?25l(B[0;7m  652  mv script.sh ws5[35d(B[m[?12l[?25h[?25l(B[0;7m  653  cd[36d(B[m[?12l[?25h[?25l(B[0;7m  654  cd ws5[37d(B[m[?12l[?25h[?25l(B[0;7m  655  ls[38d(B[m[?12l[?25h[?25l(B[0;7m  656  ls CUSTOMERS/[39d(B[m[?12l[?25h[?25l(B[0;7m  657  mv script.sh CUSTOMERS/[40d(B[m[?12l[?25h[?25l(B[0;7m  658  ls ws5[41d(B[m[?12l[?25h[?25l7[3;42r8[42d[20S[1;44r[21;1H(B[0;7m  659  ls[22;3H(B[m660  cd CUSTOMERS/[23;3H661  ls[24;3H662  ls ws5[25;3H663  cd ws5[26;3H664  cat ws5[27;3H665  nano ws5[28;3H666  rm ws5[29;3H667  ls[30;3H668  cd[31;3H669  cd ws5[32;3H670  ls[33;3H671  touch script.sh[34;3H672  ls[35;3H673  nano script.sh[36;3H674  ./script.sh[37;3H675  chmod +x script.sh[38;3H676  ./script.sh[39;3H677  nano script.sh[40;3H678  ./script.sh[41;3H679  nano script.sh[22d[?12l[?25h[?25l(B[0;7m  660  cd CUSTOMERS/[23d(B[m[?12l[?25h[?25l(B[0;7m  661  ls[24d(B[m[?12l[?25h[?25l(B[0;7m  662  ls ws5[25d(B[m[?12l[?25h[?25l(B[0;7m  663  cd ws5[26d(B[m[?12l[?25h[?25l(B[0;7m  664  cat ws5[27d(B[m[?12l[?25h[?25l(B[0;7m  665  nano ws5[28d(B[m[?12l[?25h[?25l(B[0;7m  666  rm ws5[29d(B[m[?12l[?25h[?25l(B[0;7m  667  ls[30d(B[m[?12l[?25h[?25l(B[0;7m  668  cd[31d(B[m[?12l[?25h[?25l(B[0;7m  669  cd ws5[32d(B[m[?12l[?25h[?25l(B[0;7m  670  ls[33d(B[m[?12l[?25h[?25l(B[0;7m  671  touch script.sh[34d(B[m[?12l[?25h[?25l(B[0;7m  672  ls[35d(B[m[?12l[?25h[?25l(B[0;7m  673  nano script.sh [36d(B[m[?12l[?25h[?25l(B[0;7m  674  ./script.sh[37d(B[m[?12l[?25h[?25l(B[0;7m  675  chmod +x script.sh [38d(B[m[?12l[?25h[?25l(B[0;7m  676  ./script.sh[39d(B[m[?12l[?25h[?25l(B[0;7m  677  nano script.sh [40d(B[m[?12l[?25h[?25l(B[0;7m  678  ./script.sh[41d(B[m[?12l[?25h[?25l7[3;42r8[42d[20S[1;44r[21;1H(B[0;7m  679  nano script.sh [22;3H(B[m680  ./script.sh[23;3H681  cd[24;3H682  ls[25;3H683  cd ws5[26;3H684  ls[27;3H685  mv script.sh ~/[28;3H686  cd[29;3H687  ls[30;3H688  ./script.sh[31;3H689  ls[32;3H690  cd ws5[33;3H691  ls[34;3H692  ls CUSTOMERS/[35;3H693  cd[36;3H694  cd ws5/CUSTOMERS/[37;3H695  ls[38;3H696  cd[39;3H697  nano script.sh[40;3H698  ./script.sh[41;3H699  nano script.sh[22d[?12l[?25h[?25l(B[0;7m  680  ./script.sh[23d(B[m[?12l[?25h[?25l(B[0;7m  681  cd[24d(B[m[?12l[?25h[?25l(B[0;7m  682  ls[25d(B[m[?12l[?25h[?25l(B[0;7m  683  cd ws5[26d(B[m[?12l[?25h[?25l(B[0;7m  684  ls[27d(B[m[?12l[?25h[?25l(B[0;7m  685  mv script.sh ~/[28d(B[m[?12l[?25h[?25l(B[0;7m  686  cd[29d(B[m[?12l[?25h[?25l(B[0;7m  687  ls[30d(B[m[?12l[?25h[?25l(B[0;7m  688  ./script.sh[31d(B[m[?12l[?25h[?25l(B[0;7m  689  ls[32d(B[m[?12l[?25h[?25l(B[0;7m  690  cd ws5[33d(B[m[?12l[?25h[?25l(B[0;7m  691  ls[34d(B[m[?12l[?25h[?25l(B[0;7m  692  ls CUSTOMERS/[35d(B[m[?12l[?25h[?25l(B[0;7m  693  cd[36d(B[m[?12l[?25h[?25l(B[0;7m  694  cd ws5/CUSTOMERS/[37d(B[m[?12l[?25h[?25l(B[0;7m  695  ls[38d(B[m[?12l[?25h[?25l(B[0;7m  696  cd[39d(B[m[?12l[?25h[?25l(B[0;7m  697  nano script.sh [40d(B[m[?12l[?25h[?25l(B[0;7m  698  ./script.sh[41d(B[m[?12l[?25h[?25l7[3;42r8[42d[20S[1;44r[21;1H(B[0;7m  699  nano script.sh [22;3H(B[m700  ./script.sh[23;3H701  nano script.sh[24;3H702  ./script.sh[25;3H703  ls[26;3H704  cd ws5/CUSTOMERS/[27;3H705  ls[28;3H706  cat 21922.txt[29;3H707  ls[30;3H708  cd[31;3H709  nano script.sh[32;3H710  cd ws5[33;3H711  ls[34;3H712  rm CUSTOMERS/[35;3H713  rmdir CUSTOMERS/[36;3H714  rmdir -r CUSTOMERS/[37;3H715  rm -r CUSTOMERS/[38;3H716  ls[39;3H717  mkdir CUSTOMERS[40;3H718  ls[41;3H719  cd[22d[?12l[?25h[?25l(B[0;7m  700  ./script.sh[23d(B[m[?12l[?25h[?25l(B[0;7m  701  nano script.sh [24d(B[m[?12l[?25h[?25l(B[0;7m  702  ./script.sh[25d(B[m[?12l[?25h[?25l(B[0;7m  703  ls[26d(B[m[?12l[?25h[?25l(B[0;7m  704  cd ws5/CUSTOMERS/[27d(B[m[?12l[?25h[?25l(B[0;7m  705  ls[28d(B[m[?12l[?25h[?25l(B[0;7m  706  cat 21922.txt [29d(B[m[?12l[?25h[?25l(B[0;7m  707  ls[30d(B[m[?12l[?25h[?25l(B[0;7m  708  cd[31d(B[m[?12l[?25h[?25l(B[0;7m  709  nano script.sh [32d(B[m[?12l[?25h[?25l(B[0;7m  710  cd ws5[33d(B[m[?12l[?25h[?25l(B[0;7m  711  ls[34d(B[m[?12l[?25h[?25l(B[0;7m  712  rm CUSTOMERS/[35d(B[m[?12l[?25h[?25l(B[0;7m  713  rmdir CUSTOMERS/[36d(B[m[?12l[?25h[?25l(B[0;7m  714  rmdir -r CUSTOMERS/[37d(B[m[?12l[?25h[?25l(B[0;7m  715  rm -r CUSTOMERS/[38d(B[m[?12l[?25h[?25l(B[0;7m  716  ls[39d(B[m[?12l[?25h[?25l(B[0;7m  717  mkdir CUSTOMERS[40d(B[m[?12l[?25h[?25l(B[0;7m  718  ls[41d(B[m[?12l[?25h[?25l7[3;42r8[42d[20S[1;44r[21;1H(B[0;7m  719  cd[22;3H(B[m720  nano script.sh[23;3H721  ./script.sh[24;3H722  cd ws5/CUSTOMERS/[25;3H723  ls[26;3H724  ls -l | wc -l[27;3H725  cat 383.txt[28;3H726  nano script.sh[29;3H727  ls[30;3H728  cd[31;3H729  nano script.sh[32;3H730  history > cmds.log[33;3H731  ls[34;3H732  nano cmds.log[35;3H733  ls[36;3H734  mv cmds.log ws5[37;3H735  mv script.sh ws5[38;3H736  cd ws5[39;3H737  ls[40;3H738  nano script.sh[41;3H739  nano cmds.log[22d[?12l[?25h[?25l(B[0;7m  720  nano script.sh [23d(B[m[?12l[?25h[?25l(B[0;7m  721  ./script.sh[24d(B[m[?12l[?25h[?25l(B[0;7m  722  cd ws5/CUSTOMERS/[25d(B[m[?12l[?25h[?25l(B[0;7m  723  ls[26d(B[m[?12l[?25h[?25l(B[0;7m  724  ls -l | wc -l[27d(B[m[?12l[?25h[?25l(B[0;7m  725  cat 383.txt[28d(B[m[?12l[?25h[?25l(B[0;7m  726  nano script.sh [29d(B[m[?12l[?25h[?25l(B[0;7m  727  ls[30d(B[m[?12l[?25h[?25l(B[0;7m  728  cd[31d(B[m[?12l[?25h[?25l(B[0;7m  729  nano script.sh [32d(B[m[?12l[?25h[?25l(B[0;7m  730  history > cmds.log[33d(B[m[?12l[?25h[?25l(B[0;7m  731  ls[34d(B[m[?12l[?25h[?25l(B[0;7m  732  nano cmds.log[35d(B[m[?12l[?25h[?25l(B[0;7m  733  ls[36d(B[m[?12l[?25h[?25l(B[0;7m  734  mv cmds.log ws5[37d(B[m[?12l[?25h[?25l(B[0;7m  735  mv script.sh ws5[38d(B[m[?12l[?25h[?25l(B[0;7m  736  cd ws5[39d(B[m[?12l[?25h[?25l(B[0;7m  737  ls[40d(B[m[?12l[?25h[?25l(B[0;7m  738  nano script.sh[41d(B[m[?12l[?25h[?25l7[3;42r8[42d[20S[1;44r[21;1H(B[0;7m  739  nano cmds.log [22;3H(B[m740  ls[23;3H741  cd[24;3H742  ls[25;3H743  mv ws5.txt ws5[26;3H744  ls[27;3H745  ls ws5[28;3H746  git add ws5[29;3H747  ls[30;3H748  cat ws5.txt[31;3H749  script -a ws5.txt[32;3H750  git add ws5[33;3H751  git status[34;3H752  git add ws5[35;3H753  git commit -m "added ws5"[36;3H754  git push origin main[37;3H755  ls[38;3H756  cd ws5[39;3H757  ls[40;3H758  nano script.sh[41;3H759  rm -r CUSTOMERS/[22d[?12l[?25h[?25l(B[0;7m  740  ls[23d(B[m[?12l[?25h[?25l(B[0;7m  741  cd[24d(B[m[?12l[?25h[?25l(B[0;7m  742  ls[25d(B[m[?12l[?25h[?25l(B[0;7m  743  mv ws5.txt ws5[26d(B[m[?12l[?25h[?25l(B[0;7m  744  ls[27d(B[m[?12l[?25h[?25l(B[0;7m  745  ls ws5[28d(B[m[?12l[?25h[?25l(B[0;7m  746  git add ws5[29d(B[m[?12l[?25h[?25l(B[0;7m  747  ls[30d(B[m[?12l[?25h[?25l(B[0;7m  748  cat ws5.txt[31d(B[m[?12l[?25h[?25l(B[0;7m  749  script -a ws5.txt[32d(B[m[?12l[?25h[?25l(B[0;7m  750  git add ws5[33d(B[m[?12l[?25h[?25l(B[0;7m  751  git status[34d(B[m[?12l[?25h[?25l(B[0;7m  752  git add ws5[35d(B[m[?12l[?25h[?25l(B[0;7m  753  git commit -m "added ws5"[36d(B[m[?12l[?25h[?25l(B[0;7m  754  git push origin main[37d(B[m[?12l[?25h[?25l(B[0;7m  755  ls[38d(B[m[?12l[?25h[?25l(B[0;7m  756  cd ws5[39d(B[m[?12l[?25h[?25l(B[0;7m  757  ls[40d(B[m[?12l[?25h[?25l(B[0;7m  758  nano script.sh [41d(B[m[?12l[?25h[?25l7[3;42r8[42d[20S[1;44r[21;1H(B[0;7m  759  rm -r CUSTOMERS/[22;3H(B[m760  ls[23;3H761  ./script.sh[24;3H762  cd[25;3H763  ./script.sh[26;3H764  cd ws5[27;3H765  mv script.sh ~/[28;3H766  cd[29;3H767  nano script.sh[30;3H768  ./script.sh[31;3H769  cd ws5[32;3H770  ls[33;3H771  mkdir CUSTOMERS[34;3H772  ls[35;3H773  cd[36;3H774  nano script.sh[37;3H775  ls[38;3H776  ./script.sh[39;3H777  cd ws5[40;3H778  ls[41;3H779  ls CUSTOMERS/[22d[?12l[?25h[?25l(B[0;7m  760  ls[23d(B[m[?12l[?25h[?25l(B[0;7m  761  ./script.sh[24d(B[m[?12l[?25h[?25l(B[0;7m  762  cd[25d(B[m[?12l[?25h[?25l(B[0;7m  763  ./script.sh[26d(B[m[?12l[?25h[?25l(B[0;7m  764  cd ws5[27d(B[m[?12l[?25h[?25l(B[0;7m  765  mv script.sh ~/[28d(B[m[?12l[?25h[?25l(B[0;7m  766  cd[29d(B[m[?12l[?25h[?25l(B[0;7m  767  nano script.sh [30d(B[m[?12l[?25h[?25l(B[0;7m  768  ./script.sh[31d(B[m[?12l[?25h[?25l(B[0;7m  769  cd ws5[32d(B[m[?12l[?25h[?25l(B[0;7m  770  ls[33d  771  mkdir CUSTOMERS[34d  772  ls[35d  773  cd[36d  774  nano script.sh [37d(B[m[?12l[?25h[?25l(B[0;7m  775  ls[38d(B[m[?12l[?25h[?25l(B[0;7m  776  ./script.sh[39d(B[m[?12l[?25h[?25l(B[0;7m  777  cd ws5[40d(B[m[?12l[?25h[?25l(B[0;7m  778  ls[41d(B[m[?12l[?25h[?25l7[3;42r8[42d[20S[1;44r[21;1H(B[0;7m  779  ls CUSTOMERS/[22;3H(B[m780  cd[23;3H781  ls[24;3H782  mv script.sh ws5[25;3H783  git add ws5[26;3H784  git commit -m "updated ws5"[27;3H785  git push origin main[28;3H786  mkdir ws5[29;3H787  mkdir CUSTOMERS[30;3H788  mv CUSTOMERS/ ws5[31;3H789  ls[32;3H790  ls ws5[33;3H791  cut -f2 ~/amazon_reviews_us_Books_v1_02.tsv | sort -g | uniq -c | sor$[34;3H792  cut -f2 ~/amazon_reviews_us_Books_v1_02.tsv | sort -g | uniq -c | sor$[35;3H793  ls[36;3H794  nano topcustomers.txt[37;3H795  for customer in `cat topcustomers.txt` ; do grep -En "^.*\s${customer$[38;3H796  ls[39;3H797  ls ws5/CUSTOMERS/[40;3H798  ls ws5[41;3H799  cd ws5/CUSTOMERS/[22d[?12l[?25h[?25l(B[0;7m  780  cd[23d(B[m[?12l[?25h[?25l(B[0;7m  781  ls[24d(B[m[?12l[?25h[?25l(B[0;7m  782  mv script.sh ws5[25d(B[m[?12l[?25h[?25l(B[0;7m  783  git add ws5[26d(B[m[?12l[?25h[?25l(B[0;7m  784  git commit -m "updated ws5"[27d(B[m[?12l[?25h[?25l(B[0;7m  785  git push origin main[28d(B[m[?12l[?25h[?25l(B[0;7m  786  mkdir ws5[29d(B[m[?12l[?25h[?25l(B[0;7m  787  mkdir CUSTOMERS[30d(B[m[?12l[?25h[?25l(B[0;7m  788  mv CUSTOMERS/ ws5[31d(B[m[?12l[?25h[?25l(B[0;7m  789  ls[32d(B[m[?12l[?25h[?25l(B[0;7m  790  ls ws5[33d(B[m[?12l[?25h[?25l(B[0;7m  791  cut -f2 ~/amazon_reviews_us_Books_v1_02.tsv | sort -g | uniq -c | sor[34d(B[m[?12l[?25h[?25l(B[0;7m  792  cut -f2 ~/amazon_reviews_us_Books_v1_02.tsv | sort -g | uniq -c | sor[35d(B[m[?12l[?25h[?25l(B[0;7m  793  ls[36d(B[m[?12l[?25h[?25l(B[0;7m  794  nano topcustomers.txt[37d(B[m[?12l[?25h[?25l(B[0;7m  795  for customer in `cat topcustomers.txt` ; do grep -En "^.*\s${customer[38d(B[m[?12l[?25h[?25l(B[0;7m  796  ls[39d(B[m[?12l[?25h[?25l(B[0;7m  797  ls ws5/CUSTOMERS/[40d(B[m[?12l[?25h[?25l(B[0;7m  798  ls ws5[41d(B[m[?12l[?25h[?25l7[3;42r8[42d[20S[1;44r[21;1H(B[0;7m  799  cd ws5/CUSTOMERS/[22;3H(B[m800  ls[23;3H801  for customer in `cat topcustomers.txt` ; do grep -En "^.*\s${customer$[24;3H802  cd[25;3H803  for customer in `cat topcustomers.txt` ; do grep -En "^.*\s${customer$[26;3H804  for customer in `cat topcustomers.txt` ; do grep -En "^.*\s${customer$[27;3H805  ls ws5/CUSTOMERS/[28;3H806  ls[29;3H807  history > cmds.log[22d[?12l[?25h[?25l(B[0;7m  800  ls[23d(B[m[?12l[?25h[?25l(B[0;7m  801  for customer in `cat topcustomers.txt` ; do grep -En "^.*\s${customer[24d(B[m[?12l[?25h[?25l(B[0;7m  802  cd[25d(B[m[?12l[?25h[?25l(B[0;7m  803  for customer in `cat topcustomers.txt` ; do grep -En "^.*\s${customer[26d(B[m[?12l[?25h[?25l(B[0;7m  804  for customer in `cat topcustomers.txt` ; do grep -En "^.*\s${customer[27d(B[m[?12l[?25h[?25l(B[0;7m  805  ls ws5/CUSTOMERS/[28d(B[m[?12l[?25h[?25l(B[0;7m  806  ls[29d(B[m[?12l[?25h[?25l(B[0;7m  807  history > cmds.log[30d(B[m[?12l[?25h[?25l[?12l[?25h[?25l[?12l[?25h[?25l[?12l[?25h[?25l[?12l[?25h[?25l[?12l[?25h[?25l[?12l[?25h[?25l[?12l[?25h[?25l[?12l[?25h[?25l[?12l[?25h[?25l[?12l[?25h[?25l[?12l[?25h[?25l[?12l[?25h[?25l[?12l[?25h[?25l[?12l[?25h[?25l[?12l[?25h[?25l[?12l[?25h[?25l[?12l[?25h[?25l[?12l[?25h[?25l[?12l[?25h[?25l[A  807  history > cmds.log[?12l[?25h[?25l[A  806  ls[?12l[?25h[?25l[A  805  ls ws5/CUSTOMERS/[?12l[?25h[?25l[A  804  for customer in `cat topcustomers.txt` ; do grep -En "^.*\s${customer[?12l[?25h[?25l[A  803  for customer in `cat topcustomers.txt` ; do grep -En "^.*\s${customer[?12l[?25h[?25l[A  802  cd[?12l[?25h[?25l[A  801  for customer in `cat topcustomers.txt` ; do grep -En "^.*\s${customer[?12l[?25h[?25l[A  800  ls[?12l[?25h[?25l[A  799  cd ws5/CUSTOMERS/[?12l[?25h[?25l[A  798  ls ws5[?12l[?25h[?25l[A  797  ls ws5/CUSTOMERS/[?12l[?25h[?25l[A  796  ls[?12l[?25h[?25l[A  795  for customer in `cat topcustomers.txt` ; do grep -En "^.*\s${customer[?12l[?25h[?25l[A  794  nano topcustomers.txt[?12l[?25h[?25l[A  793  ls[?12l[?25h[?25l[A  792  cut -f2 ~/amazon_reviews_us_Books_v1_02.tsv | sort -g | uniq -c | sor[?12l[?25h[?25l[A  791  cut -f2 ~/amazon_reviews_us_Books_v1_02.tsv | sort -g | uniq -c | sor[?12l[?25h[?25l[A  790  ls ws5[?12l[?25h[?25l[A  789  ls[?12l[?25h[?25l[A  788  mv CUSTOMERS/ ws5[?12l[?25h[?25l[A  787  mkdir CUSTOMERS[?12l[?25h[?25l[A  786  mkdir ws5[?12l[?25h[?25l[A  785  git push origin main[?12l[?25h[?25l[A  784  git commit -m "updated ws5"[?12l[?25h[?25l[A  783  git add ws5[?12l[?25h[?25l[A  782  mv script.sh ws5[?12l[?25h[?25l[A  781  ls[?12l[?25h[?25l[2;41r[2;1H[20T[1;44r[3;1H(B[0;7m  761  ./script.sh[4d  762  cd[5d  763  ./script.sh[6d  764  cd ws5[7d  765  mv script.sh ~/[8d  766  cd[9d  767  nano script.sh [10d  768  ./script.sh[11d  769  cd ws5[12d  770  ls[13d  771  mkdir CUSTOMERS[14d  772  ls[15d  773  cd[16d  774  nano script.sh [17d  775  ls[18d  776  ./script.sh[19d  777  cd ws5[20d  778  ls[21d  779  ls CUSTOMERS/[22;3H(B[m780  cd[?12l[?25h[?25l(B[0;7m  780  cd[23d(B[m[?12l[?25h[?25l(B[0;7m  781  ls[24d(B[m[?12l[?25h[?25l(B[0;7m  782  mv script.sh ws5[25d(B[m[?12l[?25h[?25l(B[0;7m  783  git add ws5[26d(B[m[?12l[?25h[?25l(B[0;7m  784  git commit -m "updated ws5"[27d(B[m[?12l[?25h[?25l(B[0;7m  785  git push origin main[28d(B[m[?12l[?25h[?25l[1;68H(B[0;7mModified(B[m[3d  786  mkdir ws5[K[4d  787  mkdir CUSTOMERS[5d  788  mv CUSTOMERS/ ws5[6d  789  ls[K[7d  790  ls ws5[K[8d  791  cut -f2 ~/amazon_reviews_us_Books_v1_02.tsv | sort -g | uniq -c | sor$[9;1H  792  cut -f2 ~/amazon_reviews_us_Books_v1_02.tsv | sort -g | uniq -c | sor$[10;1H  793  ls[K[11d  794  nano topcustomers.txt[12d  795  for customer in `cat topcustomers.txt` ; do grep -En "^.*\s${customer$[13;1H  796  ls[K[14d  797  ls ws5/CUSTOMERS/[15d  798  ls ws5[16d  799  cd ws5/CUSTOMERS/[17d  800  ls[18d  801  for customer in `cat topcustomers.txt` ; do grep -En "^.*\s${customer$[19;1H  802  cd[K[20d  803  for customer in `cat topcustomers.txt` ; do grep -En "^.*\s${customer$[21;1H  804  for customer in `cat topcustomers.txt` ; do grep -En "^.*\s${customer$[22;1H  805  ls ws5/CUSTOMERS/[23d  806  ls[24d  807  history > cmds.log[25d[K[26d[K[27d[K[28d[K[29d[K[30d[K[31d[K[32d[K[33d[K[34d[K[35d[K[36d[K[37d[K[38d[K[39d[K[40d[K[41d[K[3d[?12l[?25h[?25l[4d[?12l[?25h[?25l[5d[?12l[?25h[?25l[6d[?12l[?25h[?25l[7d[?12l[?25h[?25l[8d[?12l[?25h[?25l[9d[?12l[?25h[?25l[10d[?12l[?25h[?25l[11d[?12l[?25h[?25l[12d[?12l[?25h[?25l[13d[?12l[?25h[?25l[14d[?12l[?25h[?25l[15d[?12l[?25h[?25l[16d[?12l[?25h[?25l[A[?12l[?25h[?25l[A[?12l[?25h[?25l[42;33H(B[0;7m[ Mark Set ](B[m[14d[?12l[?25h[?25l(B[0;7m  797  ls ws5/CUSTOMERS/[15d(B[m[?12l[?25h[?25l(B[0;7m  798  ls ws5[16d(B[m[?12l[?25h[?25l(B[0;7m  799  cd ws5/CUSTOMERS/[17d(B[m[?12l[?25h[?25l(B[0;7m  800  ls[18d(B[m[?12l[?25h[?25l[A  800  ls[?12l[?25h[?25l[A  799  cd ws5/CUSTOMERS/[?12l[?25h[?25l[14;41r[41;1H[2S[1;44r[14;1H[?12l[?25h[?25l[15d[?12l[?25h[?25l[16d[?12l[?25h[?25l[17d[?12l[?25h[?25l[A$t ; done[K[?12l[?25h[?25l  801  for customer in `cat topcustomers.txt` ; do grep -En "^.*\s${customer$[17;1H[?12l[?25h[?25l[18d[?12l[?25h[?25l[19d[?12l[?25h[?25l[A$t ; done[K[?12l[?25h[?25l  803  for customer in `cat topcustomers.txt` ; do grep -En "^.*\s${customer$[19;1H[?12l[?25h[?25l[20d[?12l[?25h[?25l[A$er}.txt ; done[K[?12l[?25h[?25l  804  for customer in `cat topcustomers.txt` ; do grep -En "^.*\s${customer$[20;1H[?12l[?25h[?25l[A$er}.txt ; done[K[?12l[?25h[?25l  804  for customer in `cat topcustomers.txt` ; do grep -En "^.*\s${customer$[20;1H[?12l[?25h[?25l[A$er}.txt ; done[K[?12l[?25h[?25l  804  for customer in `cat topcustomers.txt` ; do grep -En "^.*\s${customer$[20;1H[?12l[?25h[?25l[A$er}.txt ; done[K[?12l[?25h[?25l  804  for customer in `cat topcustomers.txt` ; do grep -En "^.*\s${customer$[20;1H[?12l[?25h[?25l[42d[K[19d[?12l[?25h[?25l[A$t ; done[K[?12l[?25h[?25l  803  for customer in `cat topcustomers.txt` ; do grep -En "^.*\s${customer$[19;1H[?12l[?25h[?25l[A$t ; done[K[?12l[?25h[?25l	[?12l[?25h[?25l[?12l[?25h[?25l$stomer}\s" amazon_reviews_us_Books_v1_02.tsv > ws5/CUSTOMERS/${id}.txt ; do$[18;76H[?12l[?25h[?25l[?12l[?25h[?25l[?12l[?25h[?25l[Z[?12l[?25h[?25l[?12l[?25h[?25l[?12l[?25h[?25l[?12l[?25h[?25l[?12l[?25h[?25l[?12l[?25h[?25l[?12l[?25h[?25l[?12l[?25h[?25l[Z[?12l[?25h[?25li[?12l[?25h[?25ld[?12l[?25h[?25l}[?12l[?25h[?25l.[?12l[?25h[?25lt[?12l[?25h[?25lx[?12l[?25h[?25lt[?12l[?25h[?25l	[?12l[?25h[?25l;[?12l[?25h[?25l [?12l[?25h[?25ld[?12l[?25h[?25l$t ; done[K[Z[?12l[?25h[?25l	[?12l[?25h[?25le[?12l[?25h[?25l  803  for customer in `cat topcustomers.txt` ; do grep -En "^.*\s${customer$[19;1H[?12l[?25h[?25l [?12l[?25h[?25l [?12l[?25h[?25l8[?12l[?25h[?25l0[?12l[?25h[?25l4[?12l[?25h[?25l [?12l[?25h[?25l [?12l[?25h[?25l	[?12l[?25h[?25lo[?12l[?25h[?25lr[?12l[?25h[?25l [?12l[?25h[?25l[?12l[?25h[?25l[?12l[?25h[?25l	[?12l[?25h[?25l[?12l[?25h[?25l[?12l[?25h[?25l[20d[?12l[?25h[?25l[?12l[?25h[?25l[?12l[?25h[?25l[?12l[?25h[?25l[?12l[?25h[?25l[?12l[?25h[?25l[?12l[?25h[?25l[A$er}.txt ; done[K[?12l[?25h[?25l[?12l[?25h[?25l[?12l[?25h[?25l[?12l[?25h[?25l[?12l[?25h[?25l[?12l[?25h[?25l[?12l[?25h[?25l	[?12l[?25h[?25l[?12l[?25h[?25l$stomer}\s" amazon_reviews_us_Books_v1_02.tsv > ws5/CUSTOMERS/${customer}.tx$[19;76H[?12l[?25h[?25l[?12l[?25h[?25l[?12l[?25h[?25l[Z[?12l[?25h[?25l[?12l[?25h[?25l[?12l[?25h[?25l[?12l[?25h[?25l[?12l[?25h[?25l[?12l[?25h[?25lt[?12l[?25h[?25lo[?12l[?25h[?25lm[?12l[?25h[?25le[?12l[?25h[?25l	[?12l[?25h[?25l}[?12l[?25h[?25l.[?12l[?25h[?25lt[?12l[?25h[?25l$er}.txt ; done[K[Z[?12l[?25h[?25l	[?12l[?25h[?25l [?12l[?25h[?25l;[?12l[?25h[?25l [?12l[?25h[?25ld[?12l[?25h[?25lo[?12l[?25h[?25ln[?12l[?25h[?25le[?12l[?25h[?25l  804  for customer in `cat topcustomers.txt` ; do grep -En "^.*\s${customer$[20;1H[?12l[?25h[?25l [?12l[?25h[?25l [?12l[?25h[?25l8[?12l[?25h[?25l0[?12l[?25h[?25l5[?12l[?25h[?25l [?12l[?25h[?25l [?12l[?25h[?25l	[?12l[?25h[?25ls[?12l[?25h[?25l [?12l[?25h[?25lw[?12l[?25h[?25ls[?12l[?25h[?25l5[?12l[?25h[?25l[?12l[?25h[?25l[A[?12l[?25h[?25l[A[?12l[?25h[?25l[?12l[?25h[?25lc[?12l[?25h[?25l[19d[?12l[?25h[?25l[?12l[?25h[?25l[?12l[?25h[?25l[?12l[?25h[?25l	[?12l[?25h[?25l[?12l[?25h[?25l[?12l[?25h[?25l[?12l[?25h[?25l[?12l[?25h[?25l[?12l[?25h[?25l[?12l[?25h[?25l[?12l[?25h[?25l[?12l[?25h[?25l[A$t ; done[K[?12l[?25h[?25l	[?12l[?25h[?25le[?12l[?25h[?25l  803  for customer in `cat topcustomers.txt` ; do grep -En "^.*\s${customer$[19;1H[?12l[?25h[?25l[A$t ; done[K[?12l[?25h[?25l[42;33H(B[0;7m[ Mark Set ](B[m[18;10H[?12l[?25h[?25l(B[0;7m  803  for customer in `cat topcustomers.txt` ; do grep -En "^.*\s${customer(B[m$[17;10H[?12l[?25h[?25l[A$t ; done[K[17d(B[0;7m  802  cd[A(B[m[?12l[?25h[?25l(B[0;7m  801  for customer in `cat topcustomers.txt` ; do grep -En "^.*\s${customer(B[m$[15;10H[?12l[?25h[?25l(B[0;7m  800  ls[14;25H(B[m[?12l[?25h[?25l[15d[?12l[?25h[?25l[16;41r[41;1H[3S[1;44r[15;1H[K[?12l[?25h[?25l[15;41r[41;1H
[1;44r[14;25H[?12l[?25h[?25l[14;41r[41;1H
[1;44r[14;1H[?12l[?25h[?25l[A[?12l[?25h[?25l[A[?12l[?25h[?25l[A[?12l[?25h[?25l[A[?12l[?25h[?25l[A$ | sort -gr | cut -b9- | head -200 > topcustomers.txt[K[?12l[?25h[?25l  792  cut -f2 ~/amazon_reviews_us_Books_v1_02.tsv | sort -g | uniq -c | sor$[10;1H[?12l[?25h[?25l[A$ | sort -gr | cut -b9- | head -200 > topcustomers.txt[K[?12l[?25h[?25l  792  cut -f2 ~/amazon_reviews_us_Books_v1_02.tsv | sort -g | uniq -c | sor$[10;1H[?12l[?25h[?25l[11d[?12l[?25h[?25l[11;41r[41;1H
[1;44r[11;1H[?12l[?25h[?25l[42d(B[0;7mSave modified buffer?  (Answering "No" will DISCARD changes.)                [43;1H Y(B[m Yes[K[44d(B[0;7m N(B[m No  [44;16H (B[0;7m^C(B[m Cancel[K[42;63H[?12l[?25h[?25l[43d(B[0;7m^G(B[m Get Help[43;20H(B[0;7mM-D(B[m DOS Format     (B[0;7mM-A(B[m Append[43;58H(B[0;7mM-B(B[m Backup File[44d(B[0;7m^C(B[m Cancel	   (B[0;7mM-M(B[m Mac Format     (B[0;7mM-P(B[m Prepend[44;58H(B[0;7m^T(B[m To Files[42d(B[0;7mFile Name to Write: ws5/cmds.log                             (B[m[42;33H[?12l[?25h[?25l[K[1;76H[1;68H(B[0;7m        (B[m[42;30H(B[0;7m[ Wrote 14 lines ](B[m[J[44;77H[?12l[?25h[44;1H[?1049l[23;0;0t[?1l>bash-4.4$ exit

Script done on 2023-03-07 03:16:42-05:00
